Using pre-set license
Built from '2022.3/release' branch; Version is '2022.3.20f1 (61c2feb0970d) revision 6406910'; Using compiler version '192829333'; Build Type 'Release'
OS: 'Windows 11  (10.0.26100) 64bit Core' Language: 'es' Physical Memory: 16310 MB
BatchMode: 1, IsHumanControllingUs: 0, StartBugReporterOnCrash: 0, Is64bit: 1, IsPro: 1

COMMAND LINE ARGUMENTS:
C:\Program Files\Unity\Hub\Editor\2022.3.20f1\Editor\Unity.exe
-adb2
-batchMode
-noUpm
-name
AssetImportWorker12
-projectPath
C:/Users/carla/Desktop/Videojuego-AVM/VeilOfLight
-logFile
Logs/AssetImportWorker12.log
-srvPort
56873
Successfully changed project path to: C:/Users/carla/Desktop/Videojuego-AVM/VeilOfLight
C:/Users/carla/Desktop/Videojuego-AVM/VeilOfLight
[UnityMemory] Configuration Parameters - Can be set up in boot.config
    "memorysetup-bucket-allocator-granularity=16"
    "memorysetup-bucket-allocator-bucket-count=8"
    "memorysetup-bucket-allocator-block-size=33554432"
    "memorysetup-bucket-allocator-block-count=8"
    "memorysetup-main-allocator-block-size=16777216"
    "memorysetup-thread-allocator-block-size=16777216"
    "memorysetup-gfx-main-allocator-block-size=16777216"
    "memorysetup-gfx-thread-allocator-block-size=16777216"
    "memorysetup-cache-allocator-block-size=4194304"
    "memorysetup-typetree-allocator-block-size=2097152"
    "memorysetup-profiler-bucket-allocator-granularity=16"
    "memorysetup-profiler-bucket-allocator-bucket-count=8"
    "memorysetup-profiler-bucket-allocator-block-size=33554432"
    "memorysetup-profiler-bucket-allocator-block-count=8"
    "memorysetup-profiler-allocator-block-size=16777216"
    "memorysetup-profiler-editor-allocator-block-size=1048576"
    "memorysetup-temp-allocator-size-main=16777216"
    "memorysetup-job-temp-allocator-block-size=2097152"
    "memorysetup-job-temp-allocator-block-size-background=1048576"
    "memorysetup-job-temp-allocator-reduction-small-platforms=262144"
    "memorysetup-allocator-temp-initial-block-size-main=262144"
    "memorysetup-allocator-temp-initial-block-size-worker=262144"
    "memorysetup-temp-allocator-size-background-worker=32768"
    "memorysetup-temp-allocator-size-job-worker=262144"
    "memorysetup-temp-allocator-size-preload-manager=33554432"
    "memorysetup-temp-allocator-size-nav-mesh-worker=65536"
    "memorysetup-temp-allocator-size-audio-worker=65536"
    "memorysetup-temp-allocator-size-cloud-worker=32768"
    "memorysetup-temp-allocator-size-gi-baking-worker=262144"
    "memorysetup-temp-allocator-size-gfx=262144"
Player connection [16204] Host "[IP] 192.168.1.137 [Port] 0 [Flags] 2 [Guid] 2344267299 [EditorId] 2344267299 [Version] 1048832 [Id] WindowsEditor(7,DESKTOP-U7UFVUJ) [Debug] 1 [PackageName] WindowsEditor [ProjectName] Editor" joined multi-casting on [225.0.0.222:54997]...

Player connection [16204] Host "[IP] 192.168.1.137 [Port] 0 [Flags] 2 [Guid] 2344267299 [EditorId] 2344267299 [Version] 1048832 [Id] WindowsEditor(7,DESKTOP-U7UFVUJ) [Debug] 1 [PackageName] WindowsEditor [ProjectName] Editor" joined alternative multi-casting on [225.0.0.222:34997]...

[Physics::Module] Initialized MultithreadedJobDispatcher with 11 workers.
Refreshing native plugins compatible for Editor in 10.23 ms, found 2 plugins.
Preloading 0 native plugins for Editor in 0.00 ms.
Initialize engine version: 2022.3.20f1 (61c2feb0970d)
[Subsystems] Discovering subsystems at path C:/Program Files/Unity/Hub/Editor/2022.3.20f1/Editor/Data/Resources/UnitySubsystems
[Subsystems] Discovering subsystems at path C:/Users/carla/Desktop/Videojuego-AVM/VeilOfLight/Assets
GfxDevice: creating device client; threaded=0; jobified=0
Direct3D:
    Version:  Direct3D 11.0 [level 11.1]
    Renderer: NVIDIA GeForce RTX 3060 (ID=0x2504)
    Vendor:   NVIDIA
    VRAM:     12115 MB
    Driver:   32.0.15.7260
Initialize mono
Mono path[0] = 'C:/Program Files/Unity/Hub/Editor/2022.3.20f1/Editor/Data/Managed'
Mono path[1] = 'C:/Program Files/Unity/Hub/Editor/2022.3.20f1/Editor/Data/MonoBleedingEdge/lib/mono/unityjit-win32'
Mono config path = 'C:/Program Files/Unity/Hub/Editor/2022.3.20f1/Editor/Data/MonoBleedingEdge/etc'
Using monoOptions --debugger-agent=transport=dt_socket,embedding=1,server=y,suspend=n,address=127.0.0.1:56888
Begin MonoManager ReloadAssembly
Registering precompiled unity dll's ...
Register platform support module: C:/Program Files/Unity/Hub/Editor/2022.3.20f1/Editor/Data/PlaybackEngines/WindowsStandaloneSupport/UnityEditor.WindowsStandalone.Extensions.dll
Registered in 0.008067 seconds.
- Loaded All Assemblies, in  0.339 seconds
Native extension for WindowsStandalone target not found
Mono: successfully reloaded assembly
- Finished resetting the current domain, in  0.241 seconds
Domain Reload Profiling: 578ms
	BeginReloadAssembly (99ms)
		ExecutionOrderSort (0ms)
		DisableScriptedObjects (0ms)
		BackupInstance (0ms)
		ReleaseScriptingObjects (0ms)
		CreateAndSetChildDomain (1ms)
	RebuildCommonClasses (37ms)
	RebuildNativeTypeToScriptingClass (10ms)
	initialDomainReloadingComplete (55ms)
	LoadAllAssembliesAndSetupDomain (135ms)
		LoadAssemblies (96ms)
		RebuildTransferFunctionScriptingTraits (0ms)
		AnalyzeDomain (133ms)
			TypeCache.Refresh (131ms)
				TypeCache.ScanAssembly (119ms)
			ScanForSourceGeneratedMonoScriptInfo (0ms)
			ResolveRequiredComponents (0ms)
	FinalizeReload (241ms)
		ReleaseScriptCaches (0ms)
		RebuildScriptCaches (0ms)
		SetupLoadedEditorAssemblies (191ms)
			LogAssemblyErrors (0ms)
			InitializePlatformSupportModulesInManaged (8ms)
			SetLoadedEditorAssemblies (6ms)
			RefreshPlugins (0ms)
			BeforeProcessingInitializeOnLoad (2ms)
			ProcessInitializeOnLoadAttributes (134ms)
			ProcessInitializeOnLoadMethodAttributes (41ms)
			AfterProcessingInitializeOnLoad (0ms)
			EditorAssembliesLoaded (0ms)
		ExecutionOrderSort2 (0ms)
		AwakeInstancesAfterBackupRestoration (0ms)
========================================================================
Worker process is ready to serve import requests
Begin MonoManager ReloadAssembly
- Loaded All Assemblies, in  0.509 seconds
Refreshing native plugins compatible for Editor in 3.20 ms, found 2 plugins.
Native extension for WindowsStandalone target not found
[MODES] ModeService[none].Initialize
[MODES] ModeService[none].LoadModes
[MODES] Loading mode Default (0) for mode-current-id-New Unity Project
Mono: successfully reloaded assembly
- Finished resetting the current domain, in  0.548 seconds
Domain Reload Profiling: 1055ms
	BeginReloadAssembly (146ms)
		ExecutionOrderSort (0ms)
		DisableScriptedObjects (5ms)
		BackupInstance (0ms)
		ReleaseScriptingObjects (0ms)
		CreateAndSetChildDomain (22ms)
	RebuildCommonClasses (34ms)
	RebuildNativeTypeToScriptingClass (11ms)
	initialDomainReloadingComplete (40ms)
	LoadAllAssembliesAndSetupDomain (276ms)
		LoadAssemblies (252ms)
		RebuildTransferFunctionScriptingTraits (0ms)
		AnalyzeDomain (108ms)
			TypeCache.Refresh (82ms)
				TypeCache.ScanAssembly (74ms)
			ScanForSourceGeneratedMonoScriptInfo (17ms)
			ResolveRequiredComponents (9ms)
	FinalizeReload (548ms)
		ReleaseScriptCaches (0ms)
		RebuildScriptCaches (0ms)
		SetupLoadedEditorAssemblies (398ms)
			LogAssemblyErrors (0ms)
			InitializePlatformSupportModulesInManaged (6ms)
			SetLoadedEditorAssemblies (4ms)
			RefreshPlugins (0ms)
			BeforeProcessingInitializeOnLoad (66ms)
			ProcessInitializeOnLoadAttributes (247ms)
			ProcessInitializeOnLoadMethodAttributes (67ms)
			AfterProcessingInitializeOnLoad (8ms)
			EditorAssembliesLoaded (0ms)
		ExecutionOrderSort2 (0ms)
		AwakeInstancesAfterBackupRestoration (7ms)
Launched and connected shader compiler UnityShaderCompiler.exe after 0.05 seconds
Refreshing native plugins compatible for Editor in 4.99 ms, found 2 plugins.
Preloading 0 native plugins for Editor in 0.00 ms.
Unloading 3856 Unused Serialized files (Serialized files now loaded: 0)
Unloading 79 unused Assets / (0.8 MB). Loaded Objects now: 4323.
Memory consumption went from 173.8 MB to 172.9 MB.
Total: 5.648100 ms (FindLiveObjects: 0.601400 ms CreateObjectMapping: 0.129800 ms MarkObjects: 4.298100 ms  DeleteObjects: 0.617500 ms)

AssetImportParameters requested are different than current active one (requested -> active):
  custom:container-demuxer-ogg: 62fdf1f143b41e24485cea50d1cbac27 -> 
  custom:video-codec-MediaFoundation-h265: 746d11721c4dcdbdad8f713fa42b33f4 -> 
  custom:video-decoder-ogg-theora: a1e56fd34408186e4bbccfd4996cb3dc -> 
  custom:framework-win-MediaFoundation: 216162199b28c13a410421893ffa2e32 -> 
  custom:CustomObjectIndexerAttribute: 62b5816608c3102f162a1797e29626cf -> 
  custom:container-demuxer-webm: 4f35f7cbe854078d1ac9338744f61a02 -> 
  custom:container-muxer-webm: aa71ff27fc2769a1b78a27578f13a17b -> 
  custom:video-decoder-webm-vp8: 9c59270c3fd7afecdb556c50c9e8de78 -> 
  custom:SearchIndexIgnoredProperties: e643bd26f0fe6173181afceb89e7c659 -> 
  custom:AudioImporter_EditorPlatform: d09bf68614088b80899f8185d706f6e7 -> 
  custom:video-encoder-webm-vp8: eb34c28f22e8b96e1ab97ce403110664 -> 
  custom:audio-decoder-ogg-vorbis: bf7c407c2cedff20999df2af8eb42d56 -> 
  custom:audio-encoder-webm-vorbis: bf7c407c2cedff20999df2af8eb42d56 -> 
========================================================================
Received Import Request.
  Time since last request: 80715.676695 seconds.
  path: Assets/Material/Textures/01___Default_1001_baseColor.jpeg
  artifactKey: Guid(4a2efe4102cdd2744a3e00e967821086) Importer(815301076,1909f56bfc062723c751e8b465ee728b)
Start importing Assets/Material/Textures/01___Default_1001_baseColor.jpeg using Guid(4a2efe4102cdd2744a3e00e967821086) Importer(815301076,1909f56bfc062723c751e8b465ee728b)  -> (artifact id: '6656071611221b31a3e0be341181806e') in 0.082833 seconds
Number of updated asset objects reloaded before import = 0
Number of asset objects unloaded after import = 2
========================================================================
Received Import Request.
  Time since last request: 0.000024 seconds.
  path: Assets/Material/Textures/fabric_height.jpg
  artifactKey: Guid(c9b296629f11fa74aba442881609e73b) Importer(815301076,1909f56bfc062723c751e8b465ee728b)
Start importing Assets/Material/Textures/fabric_height.jpg using Guid(c9b296629f11fa74aba442881609e73b) Importer(815301076,1909f56bfc062723c751e8b465ee728b)  -> (artifact id: '128bd338d3a34df86ddc3aefe3e9c9b8') in 0.028427 seconds
Number of updated asset objects reloaded before import = 0
Number of asset objects unloaded after import = 2
========================================================================
Received Import Request.
  Time since last request: 0.000032 seconds.
  path: Assets/Material/Textures/DarkCement_Normal 1.jpg
  artifactKey: Guid(989be483f4a853c4abae354d54a7c079) Importer(815301076,1909f56bfc062723c751e8b465ee728b)
Start importing Assets/Material/Textures/DarkCement_Normal 1.jpg using Guid(989be483f4a853c4abae354d54a7c079) Importer(815301076,1909f56bfc062723c751e8b465ee728b)  -> (artifact id: '9f9ed493badf7e5756102af0635febe5') in 0.022637 seconds
Number of updated asset objects reloaded before import = 0
Number of asset objects unloaded after import = 2
========================================================================
Received Import Request.
  Time since last request: 0.000023 seconds.
  path: Assets/Material/Textures/Fence Selection_Metal Gate_BaseColor.jpg
  artifactKey: Guid(e27c738239193c646b7d6cc680ba0728) Importer(815301076,1909f56bfc062723c751e8b465ee728b)
Start importing Assets/Material/Textures/Fence Selection_Metal Gate_BaseColor.jpg using Guid(e27c738239193c646b7d6cc680ba0728) Importer(815301076,1909f56bfc062723c751e8b465ee728b)  -> (artifact id: '4b1beb32f63280071db0763dbfa1454e') in 0.025142 seconds
Number of updated asset objects reloaded before import = 0
Number of asset objects unloaded after import = 2
========================================================================
Received Import Request.
  Time since last request: 0.000032 seconds.
  path: Assets/Material/Textures/brazo_iz_inf.PNG
  artifactKey: Guid(24c7d0bec9650c84c8a35bb71f3d2c2f) Importer(815301076,1909f56bfc062723c751e8b465ee728b)
Start importing Assets/Material/Textures/brazo_iz_inf.PNG using Guid(24c7d0bec9650c84c8a35bb71f3d2c2f) Importer(815301076,1909f56bfc062723c751e8b465ee728b)  -> (artifact id: '2f661caf655d9a5839ad6cca0458dc6a') in 0.035622 seconds
Number of updated asset objects reloaded before import = 0
Number of asset objects unloaded after import = 2
========================================================================
Received Import Request.
  Time since last request: 0.000024 seconds.
  path: Assets/Material/Textures/Fence Selection_Metal Gate_Normal.jpg
  artifactKey: Guid(348873e6b8084004ca912832b5067e96) Importer(815301076,1909f56bfc062723c751e8b465ee728b)
Start importing Assets/Material/Textures/Fence Selection_Metal Gate_Normal.jpg using Guid(348873e6b8084004ca912832b5067e96) Importer(815301076,1909f56bfc062723c751e8b465ee728b)  -> (artifact id: 'da0e03a20c51db86cfd17aa304913f3e') in 0.033957 seconds
Number of updated asset objects reloaded before import = 0
Number of asset objects unloaded after import = 2
========================================================================
Received Import Request.
  Time since last request: 61.834185 seconds.
  path: Assets/Material/Materials/cristal.mat
  artifactKey: Guid(233eed2be7838394282180229be63c29) Importer(815301076,1909f56bfc062723c751e8b465ee728b)
Start importing Assets/Material/Materials/cristal.mat using Guid(233eed2be7838394282180229be63c29) Importer(815301076,1909f56bfc062723c751e8b465ee728b)  -> (artifact id: '6face9aec8e611cdb69a3dd4fc12d417') in 0.067275 seconds
Number of updated asset objects reloaded before import = 0
Number of asset objects unloaded after import = 1
========================================================================
Received Import Request.
  Time since last request: 34.039135 seconds.
  path: Assets/Material/Textures/Motor_Metallic.jpg
  artifactKey: Guid(f717f8f5ef1d3de41bca52521710982a) Importer(815301076,1909f56bfc062723c751e8b465ee728b)
Start importing Assets/Material/Textures/Motor_Metallic.jpg using Guid(f717f8f5ef1d3de41bca52521710982a) Importer(815301076,1909f56bfc062723c751e8b465ee728b)  -> (artifact id: '79891d4c4e157069da4b77f7ecd2b1b0') in 0.031873 seconds
Number of updated asset objects reloaded before import = 0
Number of asset objects unloaded after import = 2
========================================================================
Received Import Request.
  Time since last request: 0.000024 seconds.
  path: Assets/Material/Textures/Rope_Normal.jpg
  artifactKey: Guid(cb9873380f0660d4fb76c93df6364a62) Importer(815301076,1909f56bfc062723c751e8b465ee728b)
Start importing Assets/Material/Textures/Rope_Normal.jpg using Guid(cb9873380f0660d4fb76c93df6364a62) Importer(815301076,1909f56bfc062723c751e8b465ee728b)  -> (artifact id: '3e9b5e2fcecdfe41396bbab330019fa1') in 0.029035 seconds
Number of updated asset objects reloaded before import = 0
Number of asset objects unloaded after import = 2
========================================================================
Received Import Request.
  Time since last request: 0.000020 seconds.
  path: Assets/Material/Textures/Untitled_Yucca_Leaf_Yucca_Leaf_1_TR_Color000.png
  artifactKey: Guid(0632484a97dec684c910caa7ee3de3e8) Importer(815301076,1909f56bfc062723c751e8b465ee728b)
Start importing Assets/Material/Textures/Untitled_Yucca_Leaf_Yucca_Leaf_1_TR_Color000.png using Guid(0632484a97dec684c910caa7ee3de3e8) Importer(815301076,1909f56bfc062723c751e8b465ee728b)  -> (artifact id: 'f6db4a1f260e1e1a2ca222880b8e7ecd') in 0.021953 seconds
Number of updated asset objects reloaded before import = 0
Number of asset objects unloaded after import = 2
========================================================================
Received Import Request.
  Time since last request: 0.000030 seconds.
  path: Assets/Material/Textures/Untitled_Yucca_Leaf_Yucca_Leaf_1_TR_Color.png
  artifactKey: Guid(7fe61ce1a121e2746a44ca23060b0055) Importer(815301076,1909f56bfc062723c751e8b465ee728b)
Start importing Assets/Material/Textures/Untitled_Yucca_Leaf_Yucca_Leaf_1_TR_Color.png using Guid(7fe61ce1a121e2746a44ca23060b0055) Importer(815301076,1909f56bfc062723c751e8b465ee728b)  -> (artifact id: '051d5c55bec9c2819f5fb76bf9543178') in 0.015033 seconds
Number of updated asset objects reloaded before import = 0
Number of asset objects unloaded after import = 2
========================================================================
Received Import Request.
  Time since last request: 0.000024 seconds.
  path: Assets/Material/Textures/Screw_Metallic.jpg
  artifactKey: Guid(15e5fdefd6f4f8649945b4c7a61b2810) Importer(815301076,1909f56bfc062723c751e8b465ee728b)
Start importing Assets/Material/Textures/Screw_Metallic.jpg using Guid(15e5fdefd6f4f8649945b4c7a61b2810) Importer(815301076,1909f56bfc062723c751e8b465ee728b)  -> (artifact id: '6dcd3f7b8cfaf6702a987ca4a692e951') in 0.023975 seconds
Number of updated asset objects reloaded before import = 0
Number of asset objects unloaded after import = 2
========================================================================
Received Import Request.
  Time since last request: 0.000024 seconds.
  path: Assets/Material/Textures/wall_02_albedo.jpg
  artifactKey: Guid(79399456868853f4ba3a389c88ba6cb8) Importer(815301076,1909f56bfc062723c751e8b465ee728b)
Start importing Assets/Material/Textures/wall_02_albedo.jpg using Guid(79399456868853f4ba3a389c88ba6cb8) Importer(815301076,1909f56bfc062723c751e8b465ee728b)  -> (artifact id: '763f44b6ca5b48999e156ca54ee2f6a7') in 0.022139 seconds
Number of updated asset objects reloaded before import = 0
Number of asset objects unloaded after import = 2
========================================================================
Received Import Request.
  Time since last request: 0.000030 seconds.
  path: Assets/Material/Textures/Screw_Normal.jpg
  artifactKey: Guid(e6b98af4da274bd4ebd242b3f31a438b) Importer(815301076,1909f56bfc062723c751e8b465ee728b)
Start importing Assets/Material/Textures/Screw_Normal.jpg using Guid(e6b98af4da274bd4ebd242b3f31a438b) Importer(815301076,1909f56bfc062723c751e8b465ee728b)  -> (artifact id: '895d1c0a55b0c4d138f1c68ab395ac6d') in 0.022971 seconds
Number of updated asset objects reloaded before import = 0
Number of asset objects unloaded after import = 2
========================================================================
Received Import Request.
  Time since last request: 0.000018 seconds.
  path: Assets/Material/Textures/pierna_iz_sup.PNG
  artifactKey: Guid(28b65ccb82e62534f9ef0b65a41d28bb) Importer(815301076,1909f56bfc062723c751e8b465ee728b)
Start importing Assets/Material/Textures/pierna_iz_sup.PNG using Guid(28b65ccb82e62534f9ef0b65a41d28bb) Importer(815301076,1909f56bfc062723c751e8b465ee728b)  -> (artifact id: 'fa6afed7449959f22de6ba8f39030b39') in 0.027859 seconds
Number of updated asset objects reloaded before import = 0
Number of asset objects unloaded after import = 2
========================================================================
Received Import Request.
  Time since last request: 0.000022 seconds.
  path: Assets/Material/Textures/roughness.jpg
  artifactKey: Guid(1dd6ed2eb7c22a64f924251d0be7b93d) Importer(815301076,1909f56bfc062723c751e8b465ee728b)
Start importing Assets/Material/Textures/roughness.jpg using Guid(1dd6ed2eb7c22a64f924251d0be7b93d) Importer(815301076,1909f56bfc062723c751e8b465ee728b)  -> (artifact id: '226258b311c51418536f3e26274d1e2a') in 0.027023 seconds
Number of updated asset objects reloaded before import = 0
Number of asset objects unloaded after import = 2
========================================================================
Received Import Request.
  Time since last request: 0.000024 seconds.
  path: Assets/Material/Textures/The Fixed for The Screw_Metallic.jpg
  artifactKey: Guid(6bf8570490c18464390e0bac63cef56e) Importer(815301076,1909f56bfc062723c751e8b465ee728b)
Start importing Assets/Material/Textures/The Fixed for The Screw_Metallic.jpg using Guid(6bf8570490c18464390e0bac63cef56e) Importer(815301076,1909f56bfc062723c751e8b465ee728b)  -> (artifact id: 'f0275ce8f6eedb0d8197f319663ddc57') in 0.028672 seconds
Number of updated asset objects reloaded before import = 0
Number of asset objects unloaded after import = 2
========================================================================
Received Import Request.
  Time since last request: 0.000027 seconds.
  path: Assets/Material/Textures/pierna_der_inf.PNG
  artifactKey: Guid(bc2543416acc8fa48a77d8b06d164608) Importer(815301076,1909f56bfc062723c751e8b465ee728b)
Start importing Assets/Material/Textures/pierna_der_inf.PNG using Guid(bc2543416acc8fa48a77d8b06d164608) Importer(815301076,1909f56bfc062723c751e8b465ee728b)  -> (artifact id: 'db684f71e04e0169c07ef763662d9b9f') in 0.028565 seconds
Number of updated asset objects reloaded before import = 0
Number of asset objects unloaded after import = 2
========================================================================
Received Import Request.
  Time since last request: 0.000029 seconds.
  path: Assets/Material/Textures/Screw_Roughness.jpg
  artifactKey: Guid(c856600217193ba43a18dc9606ea025b) Importer(815301076,1909f56bfc062723c751e8b465ee728b)
Start importing Assets/Material/Textures/Screw_Roughness.jpg using Guid(c856600217193ba43a18dc9606ea025b) Importer(815301076,1909f56bfc062723c751e8b465ee728b)  -> (artifact id: 'e36d5b11fe26bacc697e303ee0c3885c') in 0.027049 seconds
Number of updated asset objects reloaded before import = 0
Number of asset objects unloaded after import = 2
========================================================================
Received Import Request.
  Time since last request: 0.000017 seconds.
  path: Assets/Material/Textures/Screw_Diffuse.jpg
  artifactKey: Guid(9a16b77a0abe2824592556d633cd1838) Importer(815301076,1909f56bfc062723c751e8b465ee728b)
Start importing Assets/Material/Textures/Screw_Diffuse.jpg using Guid(9a16b77a0abe2824592556d633cd1838) Importer(815301076,1909f56bfc062723c751e8b465ee728b)  -> (artifact id: '6c05e6e82c729b9b2f149e54abf0bdae') in 0.027500 seconds
Number of updated asset objects reloaded before import = 0
Number of asset objects unloaded after import = 2
Editor requested this worker to shutdown with reason: Scaling down because of idle timeout
TcpMessagingSession - receive error: operation aborted. errorcode: 995, details: La operación de E/S se anuló por una salida de subproceso o por una solicitud de aplicación.
AssetImportWorker is now disconnected from the server
Process exiting
Exiting without the bug reporter. Application will terminate with return code 0