Using pre-set license
Built from '2022.3/release' branch; Version is '2022.3.20f1 (61c2feb0970d) revision 6406910'; Using compiler version '192829333'; Build Type 'Release'
OS: 'Windows 11  (10.0.22631) 64bit Core' Language: 'zh' Physical Memory: 16085 MB
BatchMode: 1, IsHumanControllingUs: 0, StartBugReporterOnCrash: 0, Is64bit: 1, IsPro: 1

COMMAND LINE ARGUMENTS:
D:\Software\unity\2022.3.20f1\Editor\Unity.exe
-adb2
-batchMode
-noUpm
-name
AssetImportWorker3
-projectPath
D:/Software/GITHUB/VeilOfLight
-logFile
Logs/AssetImportWorker3.log
-srvPort
61668
Successfully changed project path to: D:/Software/GITHUB/VeilOfLight
D:/Software/GITHUB/VeilOfLight
[UnityMemory] Configuration Parameters - Can be set up in boot.config
    "memorysetup-bucket-allocator-granularity=16"
    "memorysetup-bucket-allocator-bucket-count=8"
    "memorysetup-bucket-allocator-block-size=33554432"
    "memorysetup-bucket-allocator-block-count=8"
    "memorysetup-main-allocator-block-size=16777216"
    "memorysetup-thread-allocator-block-size=16777216"
    "memorysetup-gfx-main-allocator-block-size=16777216"
    "memorysetup-gfx-thread-allocator-block-size=16777216"
    "memorysetup-cache-allocator-block-size=4194304"
    "memorysetup-typetree-allocator-block-size=2097152"
    "memorysetup-profiler-bucket-allocator-granularity=16"
    "memorysetup-profiler-bucket-allocator-bucket-count=8"
    "memorysetup-profiler-bucket-allocator-block-size=33554432"
    "memorysetup-profiler-bucket-allocator-block-count=8"
    "memorysetup-profiler-allocator-block-size=16777216"
    "memorysetup-profiler-editor-allocator-block-size=1048576"
    "memorysetup-temp-allocator-size-main=16777216"
    "memorysetup-job-temp-allocator-block-size=2097152"
    "memorysetup-job-temp-allocator-block-size-background=1048576"
    "memorysetup-job-temp-allocator-reduction-small-platforms=262144"
    "memorysetup-allocator-temp-initial-block-size-main=262144"
    "memorysetup-allocator-temp-initial-block-size-worker=262144"
    "memorysetup-temp-allocator-size-background-worker=32768"
    "memorysetup-temp-allocator-size-job-worker=262144"
    "memorysetup-temp-allocator-size-preload-manager=33554432"
    "memorysetup-temp-allocator-size-nav-mesh-worker=65536"
    "memorysetup-temp-allocator-size-audio-worker=65536"
    "memorysetup-temp-allocator-size-cloud-worker=32768"
    "memorysetup-temp-allocator-size-gi-baking-worker=262144"
    "memorysetup-temp-allocator-size-gfx=262144"
Player connection [47536] Host "[IP] 192.168.1.129 [Port] 0 [Flags] 2 [Guid] 2915116656 [EditorId] 2915116656 [Version] 1048832 [Id] WindowsEditor(7,MSI) [Debug] 1 [PackageName] WindowsEditor [ProjectName] Editor" joined multi-casting on [225.0.0.222:54997]...

Player connection [47536] Host "[IP] 192.168.1.129 [Port] 0 [Flags] 2 [Guid] 2915116656 [EditorId] 2915116656 [Version] 1048832 [Id] WindowsEditor(7,MSI) [Debug] 1 [PackageName] WindowsEditor [ProjectName] Editor" joined alternative multi-casting on [225.0.0.222:34997]...

[Physics::Module] Initialized MultithreadedJobDispatcher with 15 workers.
Refreshing native plugins compatible for Editor in 20.49 ms, found 2 plugins.
Preloading 0 native plugins for Editor in 0.00 ms.
Initialize engine version: 2022.3.20f1 (61c2feb0970d)
[Subsystems] Discovering subsystems at path D:/Software/unity/2022.3.20f1/Editor/Data/Resources/UnitySubsystems
[Subsystems] Discovering subsystems at path D:/Software/GITHUB/VeilOfLight/Assets
GfxDevice: creating device client; threaded=0; jobified=0
Direct3D:
    Version:  Direct3D 11.0 [level 11.1]
    Renderer: NVIDIA GeForce RTX 3070 Laptop GPU (ID=0x249d)
    Vendor:   NVIDIA
    VRAM:     8020 MB
    Driver:   32.0.15.6636
Initialize mono
Mono path[0] = 'D:/Software/unity/2022.3.20f1/Editor/Data/Managed'
Mono path[1] = 'D:/Software/unity/2022.3.20f1/Editor/Data/MonoBleedingEdge/lib/mono/unityjit-win32'
Mono config path = 'D:/Software/unity/2022.3.20f1/Editor/Data/MonoBleedingEdge/etc'
Using monoOptions --debugger-agent=transport=dt_socket,embedding=1,server=y,suspend=n,address=127.0.0.1:56908
Begin MonoManager ReloadAssembly
Registering precompiled unity dll's ...
Register platform support module: D:/Software/unity/2022.3.20f1/Editor/Data/PlaybackEngines/WindowsStandaloneSupport/UnityEditor.WindowsStandalone.Extensions.dll
Registered in 0.010166 seconds.
- Loaded All Assemblies, in  1.235 seconds
Native extension for WindowsStandalone target not found
Mono: successfully reloaded assembly
- Finished resetting the current domain, in  0.908 seconds
Domain Reload Profiling: 2144ms
	BeginReloadAssembly (433ms)
		ExecutionOrderSort (0ms)
		DisableScriptedObjects (0ms)
		BackupInstance (0ms)
		ReleaseScriptingObjects (0ms)
		CreateAndSetChildDomain (3ms)
	RebuildCommonClasses (140ms)
	RebuildNativeTypeToScriptingClass (48ms)
	initialDomainReloadingComplete (167ms)
	LoadAllAssembliesAndSetupDomain (446ms)
		LoadAssemblies (430ms)
		RebuildTransferFunctionScriptingTraits (0ms)
		AnalyzeDomain (442ms)
			TypeCache.Refresh (438ms)
				TypeCache.ScanAssembly (395ms)
			ScanForSourceGeneratedMonoScriptInfo (1ms)
			ResolveRequiredComponents (1ms)
	FinalizeReload (910ms)
		ReleaseScriptCaches (0ms)
		RebuildScriptCaches (0ms)
		SetupLoadedEditorAssemblies (740ms)
			LogAssemblyErrors (0ms)
			InitializePlatformSupportModulesInManaged (26ms)
			SetLoadedEditorAssemblies (25ms)
			RefreshPlugins (0ms)
			BeforeProcessingInitializeOnLoad (7ms)
			ProcessInitializeOnLoadAttributes (539ms)
			ProcessInitializeOnLoadMethodAttributes (143ms)
			AfterProcessingInitializeOnLoad (0ms)
			EditorAssembliesLoaded (0ms)
		ExecutionOrderSort2 (0ms)
		AwakeInstancesAfterBackupRestoration (0ms)
========================================================================
Worker process is ready to serve import requests
Begin MonoManager ReloadAssembly
- Loaded All Assemblies, in  1.768 seconds
Refreshing native plugins compatible for Editor in 5.66 ms, found 2 plugins.
Native extension for WindowsStandalone target not found
[MODES] ModeService[none].Initialize
[MODES] ModeService[none].LoadModes
[MODES] Loading mode Default (0) for mode-current-id-New Unity Project
Mono: successfully reloaded assembly
- Finished resetting the current domain, in  2.307 seconds
Domain Reload Profiling: 4074ms
	BeginReloadAssembly (461ms)
		ExecutionOrderSort (0ms)
		DisableScriptedObjects (19ms)
		BackupInstance (0ms)
		ReleaseScriptingObjects (0ms)
		CreateAndSetChildDomain (57ms)
	RebuildCommonClasses (137ms)
	RebuildNativeTypeToScriptingClass (45ms)
	initialDomainReloadingComplete (158ms)
	LoadAllAssembliesAndSetupDomain (963ms)
		LoadAssemblies (770ms)
		RebuildTransferFunctionScriptingTraits (0ms)
		AnalyzeDomain (466ms)
			TypeCache.Refresh (332ms)
				TypeCache.ScanAssembly (305ms)
			ScanForSourceGeneratedMonoScriptInfo (88ms)
			ResolveRequiredComponents (42ms)
	FinalizeReload (2309ms)
		ReleaseScriptCaches (0ms)
		RebuildScriptCaches (0ms)
		SetupLoadedEditorAssemblies (1581ms)
			LogAssemblyErrors (0ms)
			InitializePlatformSupportModulesInManaged (14ms)
			SetLoadedEditorAssemblies (15ms)
			RefreshPlugins (0ms)
			BeforeProcessingInitializeOnLoad (242ms)
			ProcessInitializeOnLoadAttributes (978ms)
			ProcessInitializeOnLoadMethodAttributes (323ms)
			AfterProcessingInitializeOnLoad (8ms)
			EditorAssembliesLoaded (1ms)
		ExecutionOrderSort2 (0ms)
		AwakeInstancesAfterBackupRestoration (23ms)
Launched and connected shader compiler UnityShaderCompiler.exe after 0.20 seconds
Refreshing native plugins compatible for Editor in 18.94 ms, found 2 plugins.
Preloading 0 native plugins for Editor in 0.00 ms.
Unloading 3856 Unused Serialized files (Serialized files now loaded: 0)
Unloading 79 unused Assets / (0.8 MB). Loaded Objects now: 4323.
Memory consumption went from 174.3 MB to 173.5 MB.
Total: 18.548000 ms (FindLiveObjects: 0.982200 ms CreateObjectMapping: 0.828400 ms MarkObjects: 14.979700 ms  DeleteObjects: 1.753300 ms)

AssetImportParameters requested are different than current active one (requested -> active):
  custom:container-demuxer-ogg: 62fdf1f143b41e24485cea50d1cbac27 -> 
  custom:video-decoder-ogg-theora: a1e56fd34408186e4bbccfd4996cb3dc -> 
  custom:framework-win-MediaFoundation: 216162199b28c13a410421893ffa2e32 -> 
  custom:CustomObjectIndexerAttribute: 62b5816608c3102f162a1797e29626cf -> 
  custom:container-demuxer-webm: 4f35f7cbe854078d1ac9338744f61a02 -> 
  custom:container-muxer-webm: aa71ff27fc2769a1b78a27578f13a17b -> 
  custom:video-decoder-webm-vp8: 9c59270c3fd7afecdb556c50c9e8de78 -> 
  custom:SearchIndexIgnoredProperties: e643bd26f0fe6173181afceb89e7c659 -> 
  custom:AudioImporter_EditorPlatform: d09bf68614088b80899f8185d706f6e7 -> 
  custom:video-encoder-webm-vp8: eb34c28f22e8b96e1ab97ce403110664 -> 
  custom:audio-decoder-ogg-vorbis: bf7c407c2cedff20999df2af8eb42d56 -> 
  custom:audio-encoder-webm-vorbis: bf7c407c2cedff20999df2af8eb42d56 -> 
========================================================================
Received Import Request.
  Time since last request: 822047.253276 seconds.
  path: Assets/Material/Materials/hojas_arbol2_2.mat
  artifactKey: Guid(4d38c8dd889f5dd458546041d2f22fba) Importer(815301076,1909f56bfc062723c751e8b465ee728b)
Start importing Assets/Material/Materials/hojas_arbol2_2.mat using Guid(4d38c8dd889f5dd458546041d2f22fba) Importer(815301076,1909f56bfc062723c751e8b465ee728b)  -> (artifact id: '350f51dd45ec29f2c3a036e7c8e4f3bd') in 0.665124 seconds
Number of updated asset objects reloaded before import = 0
Number of asset objects unloaded after import = 2
========================================================================
Received Import Request.
  Time since last request: 0.000159 seconds.
  path: Assets/Material/Materials/hojas_arbol3_4.mat
  artifactKey: Guid(55160625911b3664f8582c0572df6f9d) Importer(815301076,1909f56bfc062723c751e8b465ee728b)
Start importing Assets/Material/Materials/hojas_arbol3_4.mat using Guid(55160625911b3664f8582c0572df6f9d) Importer(815301076,1909f56bfc062723c751e8b465ee728b)  -> (artifact id: '3bec3b848897724aec3fd5d0c874f810') in 0.104179 seconds
Number of updated asset objects reloaded before import = 0
Number of asset objects unloaded after import = 2
========================================================================
Received Import Request.
  Time since last request: 0.000074 seconds.
  path: Assets/Material/Materials/hojas_arbol1_5.mat
  artifactKey: Guid(5ddf371e626f5b340a7f053c73c19ef8) Importer(815301076,1909f56bfc062723c751e8b465ee728b)
Start importing Assets/Material/Materials/hojas_arbol1_5.mat using Guid(5ddf371e626f5b340a7f053c73c19ef8) Importer(815301076,1909f56bfc062723c751e8b465ee728b)  -> (artifact id: '8a1014a2773d19085fad598091861ed7') in 0.053300 seconds
Number of updated asset objects reloaded before import = 0
Number of asset objects unloaded after import = 2
========================================================================
Received Import Request.
  Time since last request: 0.000081 seconds.
  path: Assets/Material/Materials/hojas_arbol3_2.mat
  artifactKey: Guid(ff1d941361e5c424c88d0e0e84dae6e7) Importer(815301076,1909f56bfc062723c751e8b465ee728b)
Start importing Assets/Material/Materials/hojas_arbol3_2.mat using Guid(ff1d941361e5c424c88d0e0e84dae6e7) Importer(815301076,1909f56bfc062723c751e8b465ee728b)  -> (artifact id: 'a54c9e3af821a0cd747316b3ffea4677') in 0.054996 seconds
Number of updated asset objects reloaded before import = 0
Number of asset objects unloaded after import = 2
========================================================================
Received Import Request.
  Time since last request: 0.000279 seconds.
  path: Assets/Material/Materials/Material.004.mat
  artifactKey: Guid(54a434912e3a8e2449e4e79bdc5f8845) Importer(815301076,1909f56bfc062723c751e8b465ee728b)
Start importing Assets/Material/Materials/Material.004.mat using Guid(54a434912e3a8e2449e4e79bdc5f8845) Importer(815301076,1909f56bfc062723c751e8b465ee728b)  -> (artifact id: 'ffb697cd2cad0481dadaaa91585a2a41') in 0.043588 seconds
Number of updated asset objects reloaded before import = 0
Number of asset objects unloaded after import = 1
========================================================================
Received Import Request.
  Time since last request: 0.000041 seconds.
  path: Assets/Material/Materials/hojas_arbol2_5.mat
  artifactKey: Guid(a2142ab15a2071245801421d14eab544) Importer(815301076,1909f56bfc062723c751e8b465ee728b)
Start importing Assets/Material/Materials/hojas_arbol2_5.mat using Guid(a2142ab15a2071245801421d14eab544) Importer(815301076,1909f56bfc062723c751e8b465ee728b)  -> (artifact id: '45c83a16e80172499415d761713569f4') in 0.042890 seconds
Number of updated asset objects reloaded before import = 0
Number of asset objects unloaded after import = 2
========================================================================
Received Import Request.
  Time since last request: 0.000044 seconds.
  path: Assets/Material/Materials/Material #1395534411.mat
  artifactKey: Guid(4f0a5291a6128214b9d5fffab891067c) Importer(815301076,1909f56bfc062723c751e8b465ee728b)
Start importing Assets/Material/Materials/Material #1395534411.mat using Guid(4f0a5291a6128214b9d5fffab891067c) Importer(815301076,1909f56bfc062723c751e8b465ee728b)  -> (artifact id: '696f755e4f149f1668be8c2c4cd4eab8') in 0.040386 seconds
Number of updated asset objects reloaded before import = 0
Number of asset objects unloaded after import = 1
========================================================================
Received Import Request.
  Time since last request: 0.000042 seconds.
  path: Assets/Material/Materials/Material #1395534407.mat
  artifactKey: Guid(357f76557cf7c7740b9239d32ce061e1) Importer(815301076,1909f56bfc062723c751e8b465ee728b)
Start importing Assets/Material/Materials/Material #1395534407.mat using Guid(357f76557cf7c7740b9239d32ce061e1) Importer(815301076,1909f56bfc062723c751e8b465ee728b)  -> (artifact id: '228ace763cfba2de586b52217dcb4cfa') in 0.040984 seconds
Number of updated asset objects reloaded before import = 0
Number of asset objects unloaded after import = 1
========================================================================
Received Import Request.
  Time since last request: 0.000057 seconds.
  path: Assets/Material/Materials/DarkCement_BaseColor.mat
  artifactKey: Guid(0d2474b32bbc9fe42a7b45ba88f599f2) Importer(815301076,1909f56bfc062723c751e8b465ee728b)
Start importing Assets/Material/Materials/DarkCement_BaseColor.mat using Guid(0d2474b32bbc9fe42a7b45ba88f599f2) Importer(815301076,1909f56bfc062723c751e8b465ee728b)  -> (artifact id: '4af1e34b6a004c0e414f1cf379342a4a') in 0.109059 seconds
Number of updated asset objects reloaded before import = 0
Number of asset objects unloaded after import = 4
========================================================================
Received Import Request.
  Time since last request: 0.000086 seconds.
  path: Assets/Material/Materials/Material #1395534406.mat
  artifactKey: Guid(d8937a9eccb5fc048bba006625cf9d10) Importer(815301076,1909f56bfc062723c751e8b465ee728b)
Start importing Assets/Material/Materials/Material #1395534406.mat using Guid(d8937a9eccb5fc048bba006625cf9d10) Importer(815301076,1909f56bfc062723c751e8b465ee728b)  -> (artifact id: 'f1696cdb9440dc6c608b16cae03838dc') in 0.048490 seconds
Number of updated asset objects reloaded before import = 0
Number of asset objects unloaded after import = 1
========================================================================
Received Import Request.
  Time since last request: 0.000058 seconds.
  path: Assets/Material/Materials/madera2.mat
  artifactKey: Guid(b6d843474fb8cee48b86d414fccc7433) Importer(815301076,1909f56bfc062723c751e8b465ee728b)
Start importing Assets/Material/Materials/madera2.mat using Guid(b6d843474fb8cee48b86d414fccc7433) Importer(815301076,1909f56bfc062723c751e8b465ee728b)  -> (artifact id: '95783a512689d943c7ed9aea88560b50') in 0.049296 seconds
Number of updated asset objects reloaded before import = 0
Number of asset objects unloaded after import = 1
========================================================================
Received Import Request.
  Time since last request: 0.000044 seconds.
  path: Assets/Material/Materials/Heavy-Duty Scouring Pad.mat
  artifactKey: Guid(18ad308307d96fa469f09a6faeaff0a3) Importer(815301076,1909f56bfc062723c751e8b465ee728b)
Start importing Assets/Material/Materials/Heavy-Duty Scouring Pad.mat using Guid(18ad308307d96fa469f09a6faeaff0a3) Importer(815301076,1909f56bfc062723c751e8b465ee728b)  -> (artifact id: '92f02c4bf5b56a0274f1d9749903bef7') in 0.052120 seconds
Number of updated asset objects reloaded before import = 0
Number of asset objects unloaded after import = 2
========================================================================
Received Import Request.
  Time since last request: 0.000048 seconds.
  path: Assets/Material/Materials/Concrete_Bare_0009_seacrestz_D.mat
  artifactKey: Guid(47cbe2a47ad59934e91d8e8ced7255c5) Importer(815301076,1909f56bfc062723c751e8b465ee728b)
Start importing Assets/Material/Materials/Concrete_Bare_0009_seacrestz_D.mat using Guid(47cbe2a47ad59934e91d8e8ced7255c5) Importer(815301076,1909f56bfc062723c751e8b465ee728b)  -> (artifact id: 'e526f028f93f7b60571306abb9eb07c0') in 0.057787 seconds
Number of updated asset objects reloaded before import = 0
Number of asset objects unloaded after import = 2
========================================================================
Received Import Request.
  Time since last request: 0.000072 seconds.
  path: Assets/Material/Materials/Fence Post Wood.mat
  artifactKey: Guid(0d579a6ba17c2b849b7ea7071ba73779) Importer(815301076,1909f56bfc062723c751e8b465ee728b)
Start importing Assets/Material/Materials/Fence Post Wood.mat using Guid(0d579a6ba17c2b849b7ea7071ba73779) Importer(815301076,1909f56bfc062723c751e8b465ee728b)  -> (artifact id: '2124e3c744a505f0b0fb52d278ecf3f0') in 0.118618 seconds
Number of updated asset objects reloaded before import = 0
Number of asset objects unloaded after import = 4
========================================================================
Received Import Request.
  Time since last request: 21.907626 seconds.
  path: Assets/Material/Textures/hojas_arbol2_3.png
  artifactKey: Guid(fe4f99e5938b40f48b8e4e47945a9da9) Importer(815301076,1909f56bfc062723c751e8b465ee728b)
Start importing Assets/Material/Textures/hojas_arbol2_3.png using Guid(fe4f99e5938b40f48b8e4e47945a9da9) Importer(815301076,1909f56bfc062723c751e8b465ee728b)  -> (artifact id: 'e789243b557598b3c956573693b482ef') in 0.031054 seconds
Number of updated asset objects reloaded before import = 0
Number of asset objects unloaded after import = 2
========================================================================
Received Import Request.
  Time since last request: 0.000030 seconds.
  path: Assets/Material/Textures/hojas_arbol3.png
  artifactKey: Guid(6f578bf08bfd987429f0861f2f88c221) Importer(815301076,1909f56bfc062723c751e8b465ee728b)
Start importing Assets/Material/Textures/hojas_arbol3.png using Guid(6f578bf08bfd987429f0861f2f88c221) Importer(815301076,1909f56bfc062723c751e8b465ee728b)  -> (artifact id: '82773fb09175c194ec766f1d995f54e5') in 0.051745 seconds
Number of updated asset objects reloaded before import = 0
Number of asset objects unloaded after import = 2
========================================================================
Received Import Request.
  Time since last request: 0.004658 seconds.
  path: Assets/Material/Textures/hojas_arbol3_4.png
  artifactKey: Guid(15751bfd00861774a978504be6c32924) Importer(815301076,1909f56bfc062723c751e8b465ee728b)
Start importing Assets/Material/Textures/hojas_arbol3_4.png using Guid(15751bfd00861774a978504be6c32924) Importer(815301076,1909f56bfc062723c751e8b465ee728b)  -> (artifact id: '619709e080dd5bf6c2fb78d2a90ab087') in 0.052613 seconds
Number of updated asset objects reloaded before import = 0
Number of asset objects unloaded after import = 2
========================================================================
Received Import Request.
  Time since last request: 0.000183 seconds.
  path: Assets/Material/Textures/hojas_arbol5.png
  artifactKey: Guid(d461f79743a70174580694ee1551beff) Importer(815301076,1909f56bfc062723c751e8b465ee728b)
Start importing Assets/Material/Textures/hojas_arbol5.png using Guid(d461f79743a70174580694ee1551beff) Importer(815301076,1909f56bfc062723c751e8b465ee728b)  -> (artifact id: '673ae5f9d394eb1259561ba090f0e82d') in 0.043583 seconds
Number of updated asset objects reloaded before import = 0
Number of asset objects unloaded after import = 2
========================================================================
Received Import Request.
  Time since last request: 192.032106 seconds.
  path: Assets/Prefabs/Character control.prefab
  artifactKey: Guid(f8806701871db4741a18bdaf4bf1476b) Importer(815301076,1909f56bfc062723c751e8b465ee728b)
Start importing Assets/Prefabs/Character control.prefab using Guid(f8806701871db4741a18bdaf4bf1476b) Importer(815301076,1909f56bfc062723c751e8b465ee728b)  -> (artifact id: 'c4f420135a002e528d398d09cb8d5fd1') in 0.359947 seconds
Number of updated asset objects reloaded before import = 0
Number of asset objects unloaded after import = 193
========================================================================
Received Import Request.
  Time since last request: 0.000108 seconds.
  path: Assets/Prefabs/Chinese lantern.prefab
  artifactKey: Guid(0f467996be3330840b5c7a78e4b81297) Importer(815301076,1909f56bfc062723c751e8b465ee728b)
Start importing Assets/Prefabs/Chinese lantern.prefab using Guid(0f467996be3330840b5c7a78e4b81297) Importer(815301076,1909f56bfc062723c751e8b465ee728b)  -> (artifact id: '5514dc7c8e295b63a358a22e7b0a2661') in 0.070989 seconds
Number of updated asset objects reloaded before import = 0
Number of asset objects unloaded after import = 38
Editor requested this worker to shutdown with reason: Scaling down because of idle timeout
TcpMessagingSession - receive error: operation aborted. errorcode: 995, details: 由于线程退出或应用程序请求，已中止 I/O 操作。
AssetImportWorker is now disconnected from the server
Process exiting
Exiting without the bug reporter. Application will terminate with return code 0