Using pre-set license
Built from '2022.3/release' branch; Version is '2022.3.20f1 (61c2feb0970d) revision 6406910'; Using compiler version '192829333'; Build Type 'Release'
OS: 'Windows 11  (10.0.26100) 64bit Core' Language: 'es' Physical Memory: 16310 MB
BatchMode: 1, IsHumanControllingUs: 0, StartBugReporterOnCrash: 0, Is64bit: 1, IsPro: 1

COMMAND LINE ARGUMENTS:
C:\Program Files\Unity\Hub\Editor\2022.3.20f1\Editor\Unity.exe
-adb2
-batchMode
-noUpm
-name
AssetImportWorker2
-projectPath
C:/Users/carla/Desktop/Videojuego-AVM/VeilOfLight
-logFile
Logs/AssetImportWorker2.log
-srvPort
56873
Successfully changed project path to: C:/Users/carla/Desktop/Videojuego-AVM/VeilOfLight
C:/Users/carla/Desktop/Videojuego-AVM/VeilOfLight
[UnityMemory] Configuration Parameters - Can be set up in boot.config
    "memorysetup-bucket-allocator-granularity=16"
    "memorysetup-bucket-allocator-bucket-count=8"
    "memorysetup-bucket-allocator-block-size=33554432"
    "memorysetup-bucket-allocator-block-count=8"
    "memorysetup-main-allocator-block-size=16777216"
    "memorysetup-thread-allocator-block-size=16777216"
    "memorysetup-gfx-main-allocator-block-size=16777216"
    "memorysetup-gfx-thread-allocator-block-size=16777216"
    "memorysetup-cache-allocator-block-size=4194304"
    "memorysetup-typetree-allocator-block-size=2097152"
    "memorysetup-profiler-bucket-allocator-granularity=16"
    "memorysetup-profiler-bucket-allocator-bucket-count=8"
    "memorysetup-profiler-bucket-allocator-block-size=33554432"
    "memorysetup-profiler-bucket-allocator-block-count=8"
    "memorysetup-profiler-allocator-block-size=16777216"
    "memorysetup-profiler-editor-allocator-block-size=1048576"
    "memorysetup-temp-allocator-size-main=16777216"
    "memorysetup-job-temp-allocator-block-size=2097152"
    "memorysetup-job-temp-allocator-block-size-background=1048576"
    "memorysetup-job-temp-allocator-reduction-small-platforms=262144"
    "memorysetup-allocator-temp-initial-block-size-main=262144"
    "memorysetup-allocator-temp-initial-block-size-worker=262144"
    "memorysetup-temp-allocator-size-background-worker=32768"
    "memorysetup-temp-allocator-size-job-worker=262144"
    "memorysetup-temp-allocator-size-preload-manager=33554432"
    "memorysetup-temp-allocator-size-nav-mesh-worker=65536"
    "memorysetup-temp-allocator-size-audio-worker=65536"
    "memorysetup-temp-allocator-size-cloud-worker=32768"
    "memorysetup-temp-allocator-size-gi-baking-worker=262144"
    "memorysetup-temp-allocator-size-gfx=262144"
Player connection [21524] Host "[IP] 192.168.1.137 [Port] 0 [Flags] 2 [Guid] 207799940 [EditorId] 207799940 [Version] 1048832 [Id] WindowsEditor(7,DESKTOP-U7UFVUJ) [Debug] 1 [PackageName] WindowsEditor [ProjectName] Editor" joined multi-casting on [225.0.0.222:54997]...

Player connection [21524] Host "[IP] 192.168.1.137 [Port] 0 [Flags] 2 [Guid] 207799940 [EditorId] 207799940 [Version] 1048832 [Id] WindowsEditor(7,DESKTOP-U7UFVUJ) [Debug] 1 [PackageName] WindowsEditor [ProjectName] Editor" joined alternative multi-casting on [225.0.0.222:34997]...

[Physics::Module] Initialized MultithreadedJobDispatcher with 11 workers.
Refreshing native plugins compatible for Editor in 9.63 ms, found 2 plugins.
Preloading 0 native plugins for Editor in 0.00 ms.
Initialize engine version: 2022.3.20f1 (61c2feb0970d)
[Subsystems] Discovering subsystems at path C:/Program Files/Unity/Hub/Editor/2022.3.20f1/Editor/Data/Resources/UnitySubsystems
[Subsystems] Discovering subsystems at path C:/Users/carla/Desktop/Videojuego-AVM/VeilOfLight/Assets
GfxDevice: creating device client; threaded=0; jobified=0
Direct3D:
    Version:  Direct3D 11.0 [level 11.1]
    Renderer: NVIDIA GeForce RTX 3060 (ID=0x2504)
    Vendor:   NVIDIA
    VRAM:     12115 MB
    Driver:   32.0.15.7260
Initialize mono
Mono path[0] = 'C:/Program Files/Unity/Hub/Editor/2022.3.20f1/Editor/Data/Managed'
Mono path[1] = 'C:/Program Files/Unity/Hub/Editor/2022.3.20f1/Editor/Data/MonoBleedingEdge/lib/mono/unityjit-win32'
Mono config path = 'C:/Program Files/Unity/Hub/Editor/2022.3.20f1/Editor/Data/MonoBleedingEdge/etc'
Using monoOptions --debugger-agent=transport=dt_socket,embedding=1,server=y,suspend=n,address=127.0.0.1:56700
Begin MonoManager ReloadAssembly
Registering precompiled unity dll's ...
Register platform support module: C:/Program Files/Unity/Hub/Editor/2022.3.20f1/Editor/Data/PlaybackEngines/WindowsStandaloneSupport/UnityEditor.WindowsStandalone.Extensions.dll
Registered in 0.007001 seconds.
- Loaded All Assemblies, in  0.319 seconds
Native extension for WindowsStandalone target not found
Mono: successfully reloaded assembly
- Finished resetting the current domain, in  0.250 seconds
Domain Reload Profiling: 568ms
	BeginReloadAssembly (90ms)
		ExecutionOrderSort (0ms)
		DisableScriptedObjects (0ms)
		BackupInstance (0ms)
		ReleaseScriptingObjects (0ms)
		CreateAndSetChildDomain (1ms)
	RebuildCommonClasses (32ms)
	RebuildNativeTypeToScriptingClass (10ms)
	initialDomainReloadingComplete (54ms)
	LoadAllAssembliesAndSetupDomain (131ms)
		LoadAssemblies (88ms)
		RebuildTransferFunctionScriptingTraits (0ms)
		AnalyzeDomain (130ms)
			TypeCache.Refresh (128ms)
				TypeCache.ScanAssembly (116ms)
			ScanForSourceGeneratedMonoScriptInfo (0ms)
			ResolveRequiredComponents (0ms)
	FinalizeReload (251ms)
		ReleaseScriptCaches (0ms)
		RebuildScriptCaches (0ms)
		SetupLoadedEditorAssemblies (194ms)
			LogAssemblyErrors (0ms)
			InitializePlatformSupportModulesInManaged (9ms)
			SetLoadedEditorAssemblies (7ms)
			RefreshPlugins (0ms)
			BeforeProcessingInitializeOnLoad (2ms)
			ProcessInitializeOnLoadAttributes (133ms)
			ProcessInitializeOnLoadMethodAttributes (43ms)
			AfterProcessingInitializeOnLoad (0ms)
			EditorAssembliesLoaded (0ms)
		ExecutionOrderSort2 (0ms)
		AwakeInstancesAfterBackupRestoration (0ms)
========================================================================
Worker process is ready to serve import requests
Begin MonoManager ReloadAssembly
- Loaded All Assemblies, in  0.499 seconds
Refreshing native plugins compatible for Editor in 3.71 ms, found 2 plugins.
Native extension for WindowsStandalone target not found
[MODES] ModeService[none].Initialize
[MODES] ModeService[none].LoadModes
[MODES] Loading mode Default (0) for mode-current-id-New Unity Project
Mono: successfully reloaded assembly
- Finished resetting the current domain, in  0.544 seconds
Domain Reload Profiling: 1040ms
	BeginReloadAssembly (139ms)
		ExecutionOrderSort (0ms)
		DisableScriptedObjects (5ms)
		BackupInstance (0ms)
		ReleaseScriptingObjects (0ms)
		CreateAndSetChildDomain (23ms)
	RebuildCommonClasses (32ms)
	RebuildNativeTypeToScriptingClass (10ms)
	initialDomainReloadingComplete (41ms)
	LoadAllAssembliesAndSetupDomain (274ms)
		LoadAssemblies (232ms)
		RebuildTransferFunctionScriptingTraits (0ms)
		AnalyzeDomain (118ms)
			TypeCache.Refresh (89ms)
				TypeCache.ScanAssembly (80ms)
			ScanForSourceGeneratedMonoScriptInfo (19ms)
			ResolveRequiredComponents (8ms)
	FinalizeReload (545ms)
		ReleaseScriptCaches (0ms)
		RebuildScriptCaches (0ms)
		SetupLoadedEditorAssemblies (405ms)
			LogAssemblyErrors (0ms)
			InitializePlatformSupportModulesInManaged (6ms)
			SetLoadedEditorAssemblies (4ms)
			RefreshPlugins (0ms)
			BeforeProcessingInitializeOnLoad (65ms)
			ProcessInitializeOnLoadAttributes (255ms)
			ProcessInitializeOnLoadMethodAttributes (68ms)
			AfterProcessingInitializeOnLoad (8ms)
			EditorAssembliesLoaded (0ms)
		ExecutionOrderSort2 (0ms)
		AwakeInstancesAfterBackupRestoration (6ms)
Launched and connected shader compiler UnityShaderCompiler.exe after 0.04 seconds
Refreshing native plugins compatible for Editor in 5.08 ms, found 2 plugins.
Preloading 0 native plugins for Editor in 0.00 ms.
Unloading 3856 Unused Serialized files (Serialized files now loaded: 0)
Unloading 79 unused Assets / (0.8 MB). Loaded Objects now: 4323.
Memory consumption went from 173.5 MB to 172.7 MB.
Total: 6.031500 ms (FindLiveObjects: 0.616000 ms CreateObjectMapping: 0.159400 ms MarkObjects: 4.621200 ms  DeleteObjects: 0.633400 ms)

AssetImportParameters requested are different than current active one (requested -> active):
  custom:container-demuxer-ogg: 62fdf1f143b41e24485cea50d1cbac27 -> 
  custom:video-codec-MediaFoundation-h265: 746d11721c4dcdbdad8f713fa42b33f4 -> 
  custom:video-decoder-ogg-theora: a1e56fd34408186e4bbccfd4996cb3dc -> 
  custom:framework-win-MediaFoundation: 216162199b28c13a410421893ffa2e32 -> 
  custom:CustomObjectIndexerAttribute: 62b5816608c3102f162a1797e29626cf -> 
  custom:container-demuxer-webm: 4f35f7cbe854078d1ac9338744f61a02 -> 
  custom:container-muxer-webm: aa71ff27fc2769a1b78a27578f13a17b -> 
  custom:video-decoder-webm-vp8: 9c59270c3fd7afecdb556c50c9e8de78 -> 
  custom:SearchIndexIgnoredProperties: e643bd26f0fe6173181afceb89e7c659 -> 
  custom:AudioImporter_EditorPlatform: d09bf68614088b80899f8185d706f6e7 -> 
  custom:video-encoder-webm-vp8: eb34c28f22e8b96e1ab97ce403110664 -> 
  custom:audio-decoder-ogg-vorbis: bf7c407c2cedff20999df2af8eb42d56 -> 
  custom:audio-encoder-webm-vorbis: bf7c407c2cedff20999df2af8eb42d56 -> 
========================================================================
Received Import Request.
  Time since last request: 76718.601835 seconds.
  path: Assets/sprites menu/historia_1.jpg
  artifactKey: Guid(6bf2588c2becf594c8f239bb45922ef1) Importer(815301076,1909f56bfc062723c751e8b465ee728b)
Start importing Assets/sprites menu/historia_1.jpg using Guid(6bf2588c2becf594c8f239bb45922ef1) Importer(815301076,1909f56bfc062723c751e8b465ee728b)  -> (artifact id: 'b5579f095236afd49f1bf3d799e3dc22') in 0.075042 seconds
Number of updated asset objects reloaded before import = 0
Number of asset objects unloaded after import = 2
========================================================================
Received Import Request.
  Time since last request: 68.713792 seconds.
  path: Assets/sprites menu/menu inicio2.png
  artifactKey: Guid(fd0ff613ff7d4e842aab841bee229b3f) Importer(815301076,1909f56bfc062723c751e8b465ee728b)
Start importing Assets/sprites menu/menu inicio2.png using Guid(fd0ff613ff7d4e842aab841bee229b3f) Importer(815301076,1909f56bfc062723c751e8b465ee728b)  -> (artifact id: '80f66dcd220677c21df5feea51e547aa') in 0.069899 seconds
Number of updated asset objects reloaded before import = 0
Number of asset objects unloaded after import = 3
========================================================================
Received Import Request.
  Time since last request: 6.479509 seconds.
  path: Assets/sprites menu/historia_1.jpg
  artifactKey: Guid(6bf2588c2becf594c8f239bb45922ef1) Importer(815301076,1909f56bfc062723c751e8b465ee728b)
Start importing Assets/sprites menu/historia_1.jpg using Guid(6bf2588c2becf594c8f239bb45922ef1) Importer(815301076,1909f56bfc062723c751e8b465ee728b)  -> (artifact id: '87f69dd6d2766321cbf70210edfbe3cf') in 0.040247 seconds
Number of updated asset objects reloaded before import = 0
Number of asset objects unloaded after import = 3
========================================================================
Received Import Request.
  Time since last request: 0.000028 seconds.
  path: Assets/sprites menu/historia_3.jpg
  artifactKey: Guid(373b090b4ae38c44eb57bd5057b63265) Importer(815301076,1909f56bfc062723c751e8b465ee728b)
Start importing Assets/sprites menu/historia_3.jpg using Guid(373b090b4ae38c44eb57bd5057b63265) Importer(815301076,1909f56bfc062723c751e8b465ee728b)  -> (artifact id: '5f299017f2ef0b5908256a983b6b6330') in 0.040044 seconds
Number of updated asset objects reloaded before import = 0
Number of asset objects unloaded after import = 3
========================================================================
Received Import Request.
  Time since last request: 15.110054 seconds.
  path: Assets/sprites menu/menu_boton.png
  artifactKey: Guid(1b4619252041ccf43a69fab1f01e5b9c) Importer(815301076,1909f56bfc062723c751e8b465ee728b)
Start importing Assets/sprites menu/menu_boton.png using Guid(1b4619252041ccf43a69fab1f01e5b9c) Importer(815301076,1909f56bfc062723c751e8b465ee728b)  -> (artifact id: 'fb4e962909bd2e5621c03d289ba367de') in 0.028480 seconds
Number of updated asset objects reloaded before import = 0
Number of asset objects unloaded after import = 3
========================================================================
Received Import Request.
  Time since last request: 7.276958 seconds.
  path: Assets/sprites menu/menu inicio2.png
  artifactKey: Guid(fd0ff613ff7d4e842aab841bee229b3f) Importer(815301076,1909f56bfc062723c751e8b465ee728b)
Start importing Assets/sprites menu/menu inicio2.png using Guid(fd0ff613ff7d4e842aab841bee229b3f) Importer(815301076,1909f56bfc062723c751e8b465ee728b)  -> (artifact id: '45519f9cf8a92ace8ac7c2316c29e249') in 0.045570 seconds
Number of updated asset objects reloaded before import = 0
Number of asset objects unloaded after import = 3
========================================================================
Received Import Request.
  Time since last request: 10.998140 seconds.
  path: Assets/sprites menu/menu inicio2.png
  artifactKey: Guid(fd0ff613ff7d4e842aab841bee229b3f) Importer(815301076,1909f56bfc062723c751e8b465ee728b)
Start importing Assets/sprites menu/menu inicio2.png using Guid(fd0ff613ff7d4e842aab841bee229b3f) Importer(815301076,1909f56bfc062723c751e8b465ee728b)  -> (artifact id: '3c7f22a199911bc3384512975fa4dcae') in 0.033595 seconds
Number of updated asset objects reloaded before import = 0
Number of asset objects unloaded after import = 3
========================================================================
Received Import Request.
  Time since last request: 7.168663 seconds.
  path: Assets/sprites menu/menu inicio2.png
  artifactKey: Guid(fd0ff613ff7d4e842aab841bee229b3f) Importer(815301076,1909f56bfc062723c751e8b465ee728b)
Start importing Assets/sprites menu/menu inicio2.png using Guid(fd0ff613ff7d4e842aab841bee229b3f) Importer(815301076,1909f56bfc062723c751e8b465ee728b)  -> (artifact id: '7b775ed68d6cd100e453aa7c5bab0d31') in 0.031000 seconds
Number of updated asset objects reloaded before import = 0
Number of asset objects unloaded after import = 3
========================================================================
Received Import Request.
  Time since last request: 265.766372 seconds.
  path: Assets/Scenes/Scene 2.unity
  artifactKey: Guid(83b8438e2effcb341badbc9bdfc4f997) Importer(815301076,1909f56bfc062723c751e8b465ee728b)
Start importing Assets/Scenes/Scene 2.unity using Guid(83b8438e2effcb341badbc9bdfc4f997) Importer(815301076,1909f56bfc062723c751e8b465ee728b)  -> (artifact id: '0e21a7e9207c6beb61ab8928afde3d58') in 0.000785 seconds
Number of updated asset objects reloaded before import = 0
Number of asset objects unloaded after import = 0
========================================================================
Received Import Request.
  Time since last request: 66.159497 seconds.
  path: Assets/Scenes/Scene 1.unity
  artifactKey: Guid(bfa9799dfff4d194196fe75bc9eab71a) Importer(815301076,1909f56bfc062723c751e8b465ee728b)
Start importing Assets/Scenes/Scene 1.unity using Guid(bfa9799dfff4d194196fe75bc9eab71a) Importer(815301076,1909f56bfc062723c751e8b465ee728b)  -> (artifact id: '07486405817788367c5a84e3e4129005') in 0.000575 seconds
Number of updated asset objects reloaded before import = 0
Number of asset objects unloaded after import = 0
========================================================================
Received Import Request.
  Time since last request: 33.002678 seconds.
  path: Assets/Models
  artifactKey: Guid(679ea5bb878432d4487730a1857d33fc) Importer(815301076,1909f56bfc062723c751e8b465ee728b)
Start importing Assets/Models using Guid(679ea5bb878432d4487730a1857d33fc) Importer(815301076,1909f56bfc062723c751e8b465ee728b)  -> (artifact id: '95d428cb4167be2918bd7022e0318e4a') in 0.000541 seconds
Number of updated asset objects reloaded before import = 0
Number of asset objects unloaded after import = 0
========================================================================
Received Import Request.
  Time since last request: 20.776888 seconds.
  path: Assets/Models/Todo06.blend
  artifactKey: Guid(bdd4404a82b92434695c3153a999094f) Importer(815301076,1909f56bfc062723c751e8b465ee728b)
Start importing Assets/Models/Todo06.blend using Guid(bdd4404a82b92434695c3153a999094f) Importer(815301076,1909f56bfc062723c751e8b465ee728b)  -> (artifact id: '202981104d3e37d41f57ae9e7779a840') in 3.228745 seconds
Number of updated asset objects reloaded before import = 0
Number of asset objects unloaded after import = 3189
========================================================================
Received Import Request.
  Time since last request: 162.053081 seconds.
  path: Assets/Models/Todo06.blend
  artifactKey: Guid(bdd4404a82b92434695c3153a999094f) Importer(815301076,1909f56bfc062723c751e8b465ee728b)
Start importing Assets/Models/Todo06.blend using Guid(bdd4404a82b92434695c3153a999094f) Importer(815301076,1909f56bfc062723c751e8b465ee728b)  -> (artifact id: '73352ebfb4b98a03efd5ed20c6c8c693') in 2.845994 seconds
Number of updated asset objects reloaded before import = 0
Number of asset objects unloaded after import = 3189
========================================================================
Received Import Request.
  Time since last request: 34.308067 seconds.
  path: Assets/Material/Materials/01___Default_1001.mat
  artifactKey: Guid(ab60b832487208d42b9d3db67a4c67b6) Importer(815301076,1909f56bfc062723c751e8b465ee728b)
Start importing Assets/Material/Materials/01___Default_1001.mat using Guid(ab60b832487208d42b9d3db67a4c67b6) Importer(815301076,1909f56bfc062723c751e8b465ee728b)  -> (artifact id: '572d230155c5ee3cbea2db74da051323') in 0.034456 seconds
Number of updated asset objects reloaded before import = 0
Number of asset objects unloaded after import = 1
========================================================================
Received Import Request.
  Time since last request: 0.000025 seconds.
  path: Assets/Material/Materials/Beige orange.mat
  artifactKey: Guid(301fe2244b7c55f43ba832144d13687b) Importer(815301076,1909f56bfc062723c751e8b465ee728b)
Start importing Assets/Material/Materials/Beige orange.mat using Guid(301fe2244b7c55f43ba832144d13687b) Importer(815301076,1909f56bfc062723c751e8b465ee728b)  -> (artifact id: '7cf0bafec1a1044a7ef19e4b59a289a8') in 0.026077 seconds
Number of updated asset objects reloaded before import = 0
Number of asset objects unloaded after import = 1
========================================================================
Received Import Request.
  Time since last request: 0.000027 seconds.
  path: Assets/Material/Materials/hojas_arbol1_1.mat
  artifactKey: Guid(902102d008d2af34881853cc3368bfe7) Importer(815301076,1909f56bfc062723c751e8b465ee728b)
Start importing Assets/Material/Materials/hojas_arbol1_1.mat using Guid(902102d008d2af34881853cc3368bfe7) Importer(815301076,1909f56bfc062723c751e8b465ee728b)  -> (artifact id: '3bf68806dc0a50bfa725da92a0460620') in 0.052817 seconds
Number of updated asset objects reloaded before import = 0
Number of asset objects unloaded after import = 1
========================================================================
Received Import Request.
  Time since last request: 0.000017 seconds.
  path: Assets/Material/Materials/hojas_arbol2_1.003.mat
  artifactKey: Guid(e8a0291d0bc63594ab5a07b1637a4051) Importer(815301076,1909f56bfc062723c751e8b465ee728b)
Start importing Assets/Material/Materials/hojas_arbol2_1.003.mat using Guid(e8a0291d0bc63594ab5a07b1637a4051) Importer(815301076,1909f56bfc062723c751e8b465ee728b)  -> (artifact id: '1100314409d7f60725e56285c8655a9a') in 0.018986 seconds
Number of updated asset objects reloaded before import = 0
Number of asset objects unloaded after import = 1
========================================================================
Received Import Request.
  Time since last request: 0.000017 seconds.
  path: Assets/Material/Materials/hojas_arbol2_3.002.mat
  artifactKey: Guid(53faa2f89d804b54ebd7843837e23d62) Importer(815301076,1909f56bfc062723c751e8b465ee728b)
Start importing Assets/Material/Materials/hojas_arbol2_3.002.mat using Guid(53faa2f89d804b54ebd7843837e23d62) Importer(815301076,1909f56bfc062723c751e8b465ee728b)  -> (artifact id: '8038a3d430ef123f5ad427d0dd4247e6') in 0.018032 seconds
Number of updated asset objects reloaded before import = 0
Number of asset objects unloaded after import = 1
========================================================================
Received Import Request.
  Time since last request: 0.000027 seconds.
  path: Assets/Material/Materials/hojas_arbol1_2.mat
  artifactKey: Guid(628604a3bc5438542b30b2b64c99f1a6) Importer(815301076,1909f56bfc062723c751e8b465ee728b)
Start importing Assets/Material/Materials/hojas_arbol1_2.mat using Guid(628604a3bc5438542b30b2b64c99f1a6) Importer(815301076,1909f56bfc062723c751e8b465ee728b)  -> (artifact id: 'a61905e92d6094eff2d57ebc36d6315c') in 0.015476 seconds
Number of updated asset objects reloaded before import = 0
Number of asset objects unloaded after import = 1
========================================================================
Received Import Request.
  Time since last request: 0.000036 seconds.
  path: Assets/Material/Materials/hojas_arbol2_4.mat
  artifactKey: Guid(9ea57cbeff1788f4b9231a1e2aa10caa) Importer(815301076,1909f56bfc062723c751e8b465ee728b)
Start importing Assets/Material/Materials/hojas_arbol2_4.mat using Guid(9ea57cbeff1788f4b9231a1e2aa10caa) Importer(815301076,1909f56bfc062723c751e8b465ee728b)  -> (artifact id: '91592bb7d01385568b1a4c9db2423831') in 0.016550 seconds
Number of updated asset objects reloaded before import = 0
Number of asset objects unloaded after import = 1
========================================================================
Received Import Request.
  Time since last request: 0.000019 seconds.
  path: Assets/Material/Materials/hojas_arbol3_4.mat
  artifactKey: Guid(55160625911b3664f8582c0572df6f9d) Importer(815301076,1909f56bfc062723c751e8b465ee728b)
Start importing Assets/Material/Materials/hojas_arbol3_4.mat using Guid(55160625911b3664f8582c0572df6f9d) Importer(815301076,1909f56bfc062723c751e8b465ee728b)  -> (artifact id: 'b556ff0b26bca9159922f7158902c0c6') in 0.018491 seconds
Number of updated asset objects reloaded before import = 0
Number of asset objects unloaded after import = 1
========================================================================
Received Import Request.
  Time since last request: 0.000026 seconds.
  path: Assets/Material/Materials/cristal.mat
  artifactKey: Guid(233eed2be7838394282180229be63c29) Importer(815301076,1909f56bfc062723c751e8b465ee728b)
Start importing Assets/Material/Materials/cristal.mat using Guid(233eed2be7838394282180229be63c29) Importer(815301076,1909f56bfc062723c751e8b465ee728b)  -> (artifact id: '9d6ca0beb6d083fead3d500f5df52ad1') in 0.016389 seconds
Number of updated asset objects reloaded before import = 0
Number of asset objects unloaded after import = 1
========================================================================
Received Import Request.
  Time since last request: 0.000017 seconds.
  path: Assets/Material/Materials/hojas_arbol1_5.mat
  artifactKey: Guid(5ddf371e626f5b340a7f053c73c19ef8) Importer(815301076,1909f56bfc062723c751e8b465ee728b)
Start importing Assets/Material/Materials/hojas_arbol1_5.mat using Guid(5ddf371e626f5b340a7f053c73c19ef8) Importer(815301076,1909f56bfc062723c751e8b465ee728b)  -> (artifact id: '88fe923a895866ca9caf018ff02d9215') in 0.019448 seconds
Number of updated asset objects reloaded before import = 0
Number of asset objects unloaded after import = 1
========================================================================
Received Import Request.
  Time since last request: 0.000022 seconds.
  path: Assets/Material/Materials/hojas_arbol3_2.mat
  artifactKey: Guid(ff1d941361e5c424c88d0e0e84dae6e7) Importer(815301076,1909f56bfc062723c751e8b465ee728b)
Start importing Assets/Material/Materials/hojas_arbol3_2.mat using Guid(ff1d941361e5c424c88d0e0e84dae6e7) Importer(815301076,1909f56bfc062723c751e8b465ee728b)  -> (artifact id: '303bb4380dd665def3ce5fef863af1af') in 0.017185 seconds
Number of updated asset objects reloaded before import = 0
Number of asset objects unloaded after import = 1
========================================================================
Received Import Request.
  Time since last request: 0.000020 seconds.
  path: Assets/Material/Materials/Flat white_1.mat
  artifactKey: Guid(68c99b690f972aa4fabbd9f21ccc0608) Importer(815301076,1909f56bfc062723c751e8b465ee728b)
Start importing Assets/Material/Materials/Flat white_1.mat using Guid(68c99b690f972aa4fabbd9f21ccc0608) Importer(815301076,1909f56bfc062723c751e8b465ee728b)  -> (artifact id: '58e4a6f73ae4bab02edfba2ece933862') in 0.017080 seconds
Number of updated asset objects reloaded before import = 0
Number of asset objects unloaded after import = 1
========================================================================
Received Import Request.
  Time since last request: 0.000024 seconds.
  path: Assets/Material/Materials/hojas_arbol1_3.mat
  artifactKey: Guid(480769fe3a70c7b49bbbdf350fb3362d) Importer(815301076,1909f56bfc062723c751e8b465ee728b)
Start importing Assets/Material/Materials/hojas_arbol1_3.mat using Guid(480769fe3a70c7b49bbbdf350fb3362d) Importer(815301076,1909f56bfc062723c751e8b465ee728b)  -> (artifact id: 'faab4d74da37b52684b27e139e953ba5') in 0.019260 seconds
Number of updated asset objects reloaded before import = 0
Number of asset objects unloaded after import = 1
========================================================================
Received Import Request.
  Time since last request: 0.000025 seconds.
  path: Assets/Material/Materials/black.mat
  artifactKey: Guid(91e17120f8723274291a695f2788ebfd) Importer(815301076,1909f56bfc062723c751e8b465ee728b)
Start importing Assets/Material/Materials/black.mat using Guid(91e17120f8723274291a695f2788ebfd) Importer(815301076,1909f56bfc062723c751e8b465ee728b)  -> (artifact id: '9880f06c5c69c13e93f8e5f98c5a6abc') in 0.015139 seconds
Number of updated asset objects reloaded before import = 0
Number of asset objects unloaded after import = 1
========================================================================
Received Import Request.
  Time since last request: 0.000019 seconds.
  path: Assets/Material/Materials/Ground2_Forest.mat
  artifactKey: Guid(f95b8b28c2b42c34394f099b2fbb74c4) Importer(815301076,1909f56bfc062723c751e8b465ee728b)
Start importing Assets/Material/Materials/Ground2_Forest.mat using Guid(f95b8b28c2b42c34394f099b2fbb74c4) Importer(815301076,1909f56bfc062723c751e8b465ee728b)  -> (artifact id: 'aeeb461f68b031d356d535255321b6db') in 0.016949 seconds
Number of updated asset objects reloaded before import = 0
Number of asset objects unloaded after import = 1
========================================================================
Received Import Request.
  Time since last request: 0.000025 seconds.
  path: Assets/Material/Materials/hojas_arbol2_3.mat
  artifactKey: Guid(ff57c0f6db5dc724fbf18be990c884cb) Importer(815301076,1909f56bfc062723c751e8b465ee728b)
Start importing Assets/Material/Materials/hojas_arbol2_3.mat using Guid(ff57c0f6db5dc724fbf18be990c884cb) Importer(815301076,1909f56bfc062723c751e8b465ee728b)  -> (artifact id: 'bd3fc86349444b1a89b30f2a46e21c0a') in 0.016727 seconds
Number of updated asset objects reloaded before import = 0
Number of asset objects unloaded after import = 1
========================================================================
Received Import Request.
  Time since last request: 1.298118 seconds.
  path: Assets/Material/Materials/hojas_arbol3_5.mat
  artifactKey: Guid(9b05d9dbf2f88a840a4695072d73903f) Importer(815301076,1909f56bfc062723c751e8b465ee728b)
Start importing Assets/Material/Materials/hojas_arbol3_5.mat using Guid(9b05d9dbf2f88a840a4695072d73903f) Importer(815301076,1909f56bfc062723c751e8b465ee728b)  -> (artifact id: 'a7963d91f769719bc623f06a59d9e569') in 0.017153 seconds
Number of updated asset objects reloaded before import = 0
Number of asset objects unloaded after import = 1
========================================================================
Received Import Request.
  Time since last request: 0.000021 seconds.
  path: Assets/Material/Materials/Material.mat
  artifactKey: Guid(71b31abc4c1c0fa47a8c17f253244478) Importer(815301076,1909f56bfc062723c751e8b465ee728b)
Start importing Assets/Material/Materials/Material.mat using Guid(71b31abc4c1c0fa47a8c17f253244478) Importer(815301076,1909f56bfc062723c751e8b465ee728b)  -> (artifact id: '311e81bf1a0566173dd58341bab94056') in 0.018596 seconds
Number of updated asset objects reloaded before import = 0
Number of asset objects unloaded after import = 1
========================================================================
Received Import Request.
  Time since last request: 0.000027 seconds.
  path: Assets/Material/Materials/Material #1395534411.mat
  artifactKey: Guid(4f0a5291a6128214b9d5fffab891067c) Importer(815301076,1909f56bfc062723c751e8b465ee728b)
Start importing Assets/Material/Materials/Material #1395534411.mat using Guid(4f0a5291a6128214b9d5fffab891067c) Importer(815301076,1909f56bfc062723c751e8b465ee728b)  -> (artifact id: '6354a69b265256c0e928030739ba2b82') in 0.016115 seconds
Number of updated asset objects reloaded before import = 0
Number of asset objects unloaded after import = 1
========================================================================
Received Import Request.
  Time since last request: 0.000018 seconds.
  path: Assets/Material/Materials/madera1.001.mat
  artifactKey: Guid(d790bb4ce0d9f6d4c88381e4b0b8d944) Importer(815301076,1909f56bfc062723c751e8b465ee728b)
Start importing Assets/Material/Materials/madera1.001.mat using Guid(d790bb4ce0d9f6d4c88381e4b0b8d944) Importer(815301076,1909f56bfc062723c751e8b465ee728b)  -> (artifact id: '7587d466c330c8abedbe9b81c8256c03') in 0.017261 seconds
Number of updated asset objects reloaded before import = 0
Number of asset objects unloaded after import = 1
========================================================================
Received Import Request.
  Time since last request: 0.000017 seconds.
  path: Assets/Material/Materials/Material #1395534410.mat
  artifactKey: Guid(c4036b55478c14a42a3e20f1acb2e5c7) Importer(815301076,1909f56bfc062723c751e8b465ee728b)
Start importing Assets/Material/Materials/Material #1395534410.mat using Guid(c4036b55478c14a42a3e20f1acb2e5c7) Importer(815301076,1909f56bfc062723c751e8b465ee728b)  -> (artifact id: '6e47918d782ff910ddeb913f695b4263') in 0.015659 seconds
Number of updated asset objects reloaded before import = 0
Number of asset objects unloaded after import = 1
========================================================================
Received Import Request.
  Time since last request: 0.000027 seconds.
  path: Assets/Material/Materials/madera2.mat
  artifactKey: Guid(b6d843474fb8cee48b86d414fccc7433) Importer(815301076,1909f56bfc062723c751e8b465ee728b)
Start importing Assets/Material/Materials/madera2.mat using Guid(b6d843474fb8cee48b86d414fccc7433) Importer(815301076,1909f56bfc062723c751e8b465ee728b)  -> (artifact id: '71ec0620923f04e5edcb163793339218') in 0.019402 seconds
Number of updated asset objects reloaded before import = 0
Number of asset objects unloaded after import = 1
========================================================================
Received Import Request.
  Time since last request: 35.701194 seconds.
  path: Assets/Material/Textures/hojas_arbol2.png
  artifactKey: Guid(2b834c0b2305c0b46aea71562488ff12) Importer(815301076,1909f56bfc062723c751e8b465ee728b)
Start importing Assets/Material/Textures/hojas_arbol2.png using Guid(2b834c0b2305c0b46aea71562488ff12) Importer(815301076,1909f56bfc062723c751e8b465ee728b)  -> (artifact id: '4638a8d4a0b6cb660d952b6af3308b9f') in 0.033463 seconds
Number of updated asset objects reloaded before import = 0
Number of asset objects unloaded after import = 2
========================================================================
Received Import Request.
  Time since last request: 0.000026 seconds.
  path: Assets/Material/Textures/hojas_arbol2_5.png
  artifactKey: Guid(4711337ae191b1e4c96ab5460ac3e9aa) Importer(815301076,1909f56bfc062723c751e8b465ee728b)
Start importing Assets/Material/Textures/hojas_arbol2_5.png using Guid(4711337ae191b1e4c96ab5460ac3e9aa) Importer(815301076,1909f56bfc062723c751e8b465ee728b)  -> (artifact id: '462f6802c5dcc0384925e001cd7b821e') in 0.036309 seconds
Number of updated asset objects reloaded before import = 0
Number of asset objects unloaded after import = 2
========================================================================
Received Import Request.
  Time since last request: 0.000036 seconds.
  path: Assets/Material/Textures/hojas_arbol2_6.png
  artifactKey: Guid(157ab627840d39f418b15924ed70470e) Importer(815301076,1909f56bfc062723c751e8b465ee728b)
Start importing Assets/Material/Textures/hojas_arbol2_6.png using Guid(157ab627840d39f418b15924ed70470e) Importer(815301076,1909f56bfc062723c751e8b465ee728b)  -> (artifact id: 'b9066dfd3af5b40c4100814f13e0d27b') in 0.040821 seconds
Number of updated asset objects reloaded before import = 0
Number of asset objects unloaded after import = 2
========================================================================
Received Import Request.
  Time since last request: 0.000030 seconds.
  path: Assets/Material/Textures/hojas_arbol3.png
  artifactKey: Guid(6f578bf08bfd987429f0861f2f88c221) Importer(815301076,1909f56bfc062723c751e8b465ee728b)
Start importing Assets/Material/Textures/hojas_arbol3.png using Guid(6f578bf08bfd987429f0861f2f88c221) Importer(815301076,1909f56bfc062723c751e8b465ee728b)  -> (artifact id: '82773fb09175c194ec766f1d995f54e5') in 0.034111 seconds
Number of updated asset objects reloaded before import = 0
Number of asset objects unloaded after import = 2
========================================================================
Received Import Request.
  Time since last request: 0.000020 seconds.
  path: Assets/Material/Textures/hojas_arbol2_4.png
  artifactKey: Guid(fc3f02bc97b47974eba184b6ebc0fdfb) Importer(815301076,1909f56bfc062723c751e8b465ee728b)
Start importing Assets/Material/Textures/hojas_arbol2_4.png using Guid(fc3f02bc97b47974eba184b6ebc0fdfb) Importer(815301076,1909f56bfc062723c751e8b465ee728b)  -> (artifact id: '829910cec9a8deb6b50ab420bd296313') in 0.032598 seconds
Number of updated asset objects reloaded before import = 0
Number of asset objects unloaded after import = 2
========================================================================
Received Import Request.
  Time since last request: 25.540889 seconds.
  path: Assets/Material/Textures/hojas_arbol2.png
  artifactKey: Guid(2b834c0b2305c0b46aea71562488ff12) Importer(815301076,1909f56bfc062723c751e8b465ee728b)
Start importing Assets/Material/Textures/hojas_arbol2.png using Guid(2b834c0b2305c0b46aea71562488ff12) Importer(815301076,1909f56bfc062723c751e8b465ee728b)  -> (artifact id: '6e8bf893c3a11b6c089171d7d3e76b90') in 0.065563 seconds
Number of updated asset objects reloaded before import = 0
Number of asset objects unloaded after import = 2
========================================================================
Received Import Request.
  Time since last request: 0.000021 seconds.
  path: Assets/Material/Textures/hojas_arbol4.png
  artifactKey: Guid(c094c55ee98717847a6825efa5e6f1f4) Importer(815301076,1909f56bfc062723c751e8b465ee728b)
Start importing Assets/Material/Textures/hojas_arbol4.png using Guid(c094c55ee98717847a6825efa5e6f1f4) Importer(815301076,1909f56bfc062723c751e8b465ee728b)  -> (artifact id: '67bc7180f7dcda64467f439346a5e9c1') in 0.027147 seconds
Number of updated asset objects reloaded before import = 0
Number of asset objects unloaded after import = 2
========================================================================
Received Import Request.
  Time since last request: 0.000026 seconds.
  path: Assets/Material/Textures/hojas_arbol3_6.png
  artifactKey: Guid(1a7f7c3dc968da545b8e1651271d8beb) Importer(815301076,1909f56bfc062723c751e8b465ee728b)
Start importing Assets/Material/Textures/hojas_arbol3_6.png using Guid(1a7f7c3dc968da545b8e1651271d8beb) Importer(815301076,1909f56bfc062723c751e8b465ee728b)  -> (artifact id: '3106ff1e5765e78e728f059d7ab99564') in 0.017848 seconds
Number of updated asset objects reloaded before import = 0
Number of asset objects unloaded after import = 2
========================================================================
Received Import Request.
  Time since last request: 8.012773 seconds.
  path: Assets/Material/Textures/hojas_arbol2.png
  artifactKey: Guid(2b834c0b2305c0b46aea71562488ff12) Importer(815301076,1909f56bfc062723c751e8b465ee728b)
Start importing Assets/Material/Textures/hojas_arbol2.png using Guid(2b834c0b2305c0b46aea71562488ff12) Importer(815301076,1909f56bfc062723c751e8b465ee728b)  -> (artifact id: '5b2accba558a7920814857a00300cbdb') in 0.058625 seconds
Number of updated asset objects reloaded before import = 0
Number of asset objects unloaded after import = 3
========================================================================
Received Import Request.
  Time since last request: 0.000023 seconds.
  path: Assets/Material/Textures/hojas_arbol2_3.png
  artifactKey: Guid(fe4f99e5938b40f48b8e4e47945a9da9) Importer(815301076,1909f56bfc062723c751e8b465ee728b)
Start importing Assets/Material/Textures/hojas_arbol2_3.png using Guid(fe4f99e5938b40f48b8e4e47945a9da9) Importer(815301076,1909f56bfc062723c751e8b465ee728b)  -> (artifact id: '73dd04ca34459e0c17fb0791627d29cb') in 0.030226 seconds
Number of updated asset objects reloaded before import = 0
Number of asset objects unloaded after import = 3
========================================================================
Received Import Request.
  Time since last request: 0.000023 seconds.
  path: Assets/Material/Textures/hojas_arbol4.png
  artifactKey: Guid(c094c55ee98717847a6825efa5e6f1f4) Importer(815301076,1909f56bfc062723c751e8b465ee728b)
Start importing Assets/Material/Textures/hojas_arbol4.png using Guid(c094c55ee98717847a6825efa5e6f1f4) Importer(815301076,1909f56bfc062723c751e8b465ee728b)  -> (artifact id: '35963fd750991e01854c002c4b35f59d') in 0.027698 seconds
Number of updated asset objects reloaded before import = 0
Number of asset objects unloaded after import = 3
========================================================================
Received Import Request.
  Time since last request: 0.000034 seconds.
  path: Assets/Material/Textures/hojas_arbol3_3.png
  artifactKey: Guid(1179979faf8fa534d92a2ef254164b6c) Importer(815301076,1909f56bfc062723c751e8b465ee728b)
Start importing Assets/Material/Textures/hojas_arbol3_3.png using Guid(1179979faf8fa534d92a2ef254164b6c) Importer(815301076,1909f56bfc062723c751e8b465ee728b)  -> (artifact id: 'a20a17a48c84045b3686bd49bc03c499') in 0.029072 seconds
Number of updated asset objects reloaded before import = 0
Number of asset objects unloaded after import = 3
Editor requested this worker to shutdown with reason: Scaling down because of idle timeout
TcpMessagingSession - receive error: operation aborted. errorcode: 995, details: La operación de E/S se anuló por una salida de subproceso o por una solicitud de aplicación.
AssetImportWorker is now disconnected from the server
Process exiting
Exiting without the bug reporter. Application will terminate with return code 0