Using pre-set license
Built from '2022.3/release' branch; Version is '2022.3.20f1 (61c2feb0970d) revision 6406910'; Using compiler version '192829333'; Build Type 'Release'
OS: 'Windows 11  (10.0.26100) 64bit Core' Language: 'es' Physical Memory: 16310 MB
BatchMode: 1, IsHumanControllingUs: 0, StartBugReporterOnCrash: 0, Is64bit: 1, IsPro: 1

COMMAND LINE ARGUMENTS:
C:\Program Files\Unity\Hub\Editor\2022.3.20f1\Editor\Unity.exe
-adb2
-batchMode
-noUpm
-name
AssetImportWorker4
-projectPath
C:/Users/carla/Desktop/Videojuego-AVM/VeilOfLight
-logFile
Logs/AssetImportWorker4.log
-srvPort
56873
Successfully changed project path to: C:/Users/carla/Desktop/Videojuego-AVM/VeilOfLight
C:/Users/carla/Desktop/Videojuego-AVM/VeilOfLight
[UnityMemory] Configuration Parameters - Can be set up in boot.config
    "memorysetup-bucket-allocator-granularity=16"
    "memorysetup-bucket-allocator-bucket-count=8"
    "memorysetup-bucket-allocator-block-size=33554432"
    "memorysetup-bucket-allocator-block-count=8"
    "memorysetup-main-allocator-block-size=16777216"
    "memorysetup-thread-allocator-block-size=16777216"
    "memorysetup-gfx-main-allocator-block-size=16777216"
    "memorysetup-gfx-thread-allocator-block-size=16777216"
    "memorysetup-cache-allocator-block-size=4194304"
    "memorysetup-typetree-allocator-block-size=2097152"
    "memorysetup-profiler-bucket-allocator-granularity=16"
    "memorysetup-profiler-bucket-allocator-bucket-count=8"
    "memorysetup-profiler-bucket-allocator-block-size=33554432"
    "memorysetup-profiler-bucket-allocator-block-count=8"
    "memorysetup-profiler-allocator-block-size=16777216"
    "memorysetup-profiler-editor-allocator-block-size=1048576"
    "memorysetup-temp-allocator-size-main=16777216"
    "memorysetup-job-temp-allocator-block-size=2097152"
    "memorysetup-job-temp-allocator-block-size-background=1048576"
    "memorysetup-job-temp-allocator-reduction-small-platforms=262144"
    "memorysetup-allocator-temp-initial-block-size-main=262144"
    "memorysetup-allocator-temp-initial-block-size-worker=262144"
    "memorysetup-temp-allocator-size-background-worker=32768"
    "memorysetup-temp-allocator-size-job-worker=262144"
    "memorysetup-temp-allocator-size-preload-manager=33554432"
    "memorysetup-temp-allocator-size-nav-mesh-worker=65536"
    "memorysetup-temp-allocator-size-audio-worker=65536"
    "memorysetup-temp-allocator-size-cloud-worker=32768"
    "memorysetup-temp-allocator-size-gi-baking-worker=262144"
    "memorysetup-temp-allocator-size-gfx=262144"
Player connection [7360] Host "[IP] 192.168.1.137 [Port] 0 [Flags] 2 [Guid] 3739026957 [EditorId] 3739026957 [Version] 1048832 [Id] WindowsEditor(7,DESKTOP-U7UFVUJ) [Debug] 1 [PackageName] WindowsEditor [ProjectName] Editor" joined multi-casting on [225.0.0.222:54997]...

Player connection [7360] Host "[IP] 192.168.1.137 [Port] 0 [Flags] 2 [Guid] 3739026957 [EditorId] 3739026957 [Version] 1048832 [Id] WindowsEditor(7,DESKTOP-U7UFVUJ) [Debug] 1 [PackageName] WindowsEditor [ProjectName] Editor" joined alternative multi-casting on [225.0.0.222:34997]...

[Physics::Module] Initialized MultithreadedJobDispatcher with 11 workers.
Refreshing native plugins compatible for Editor in 8.44 ms, found 2 plugins.
Preloading 0 native plugins for Editor in 0.00 ms.
Initialize engine version: 2022.3.20f1 (61c2feb0970d)
[Subsystems] Discovering subsystems at path C:/Program Files/Unity/Hub/Editor/2022.3.20f1/Editor/Data/Resources/UnitySubsystems
[Subsystems] Discovering subsystems at path C:/Users/carla/Desktop/Videojuego-AVM/VeilOfLight/Assets
GfxDevice: creating device client; threaded=0; jobified=0
Direct3D:
    Version:  Direct3D 11.0 [level 11.1]
    Renderer: NVIDIA GeForce RTX 3060 (ID=0x2504)
    Vendor:   NVIDIA
    VRAM:     12115 MB
    Driver:   32.0.15.7260
Initialize mono
Mono path[0] = 'C:/Program Files/Unity/Hub/Editor/2022.3.20f1/Editor/Data/Managed'
Mono path[1] = 'C:/Program Files/Unity/Hub/Editor/2022.3.20f1/Editor/Data/MonoBleedingEdge/lib/mono/unityjit-win32'
Mono config path = 'C:/Program Files/Unity/Hub/Editor/2022.3.20f1/Editor/Data/MonoBleedingEdge/etc'
Using monoOptions --debugger-agent=transport=dt_socket,embedding=1,server=y,suspend=n,address=127.0.0.1:56884
Begin MonoManager ReloadAssembly
Registering precompiled unity dll's ...
Register platform support module: C:/Program Files/Unity/Hub/Editor/2022.3.20f1/Editor/Data/PlaybackEngines/WindowsStandaloneSupport/UnityEditor.WindowsStandalone.Extensions.dll
Registered in 0.008426 seconds.
- Loaded All Assemblies, in  0.339 seconds
Native extension for WindowsStandalone target not found
Mono: successfully reloaded assembly
- Finished resetting the current domain, in  0.260 seconds
Domain Reload Profiling: 597ms
	BeginReloadAssembly (98ms)
		ExecutionOrderSort (0ms)
		DisableScriptedObjects (0ms)
		BackupInstance (0ms)
		ReleaseScriptingObjects (0ms)
		CreateAndSetChildDomain (1ms)
	RebuildCommonClasses (33ms)
	RebuildNativeTypeToScriptingClass (15ms)
	initialDomainReloadingComplete (58ms)
	LoadAllAssembliesAndSetupDomain (132ms)
		LoadAssemblies (96ms)
		RebuildTransferFunctionScriptingTraits (0ms)
		AnalyzeDomain (131ms)
			TypeCache.Refresh (129ms)
				TypeCache.ScanAssembly (117ms)
			ScanForSourceGeneratedMonoScriptInfo (0ms)
			ResolveRequiredComponents (0ms)
	FinalizeReload (260ms)
		ReleaseScriptCaches (0ms)
		RebuildScriptCaches (0ms)
		SetupLoadedEditorAssemblies (203ms)
			LogAssemblyErrors (0ms)
			InitializePlatformSupportModulesInManaged (10ms)
			SetLoadedEditorAssemblies (7ms)
			RefreshPlugins (0ms)
			BeforeProcessingInitializeOnLoad (3ms)
			ProcessInitializeOnLoadAttributes (141ms)
			ProcessInitializeOnLoadMethodAttributes (43ms)
			AfterProcessingInitializeOnLoad (0ms)
			EditorAssembliesLoaded (0ms)
		ExecutionOrderSort2 (0ms)
		AwakeInstancesAfterBackupRestoration (0ms)
========================================================================
Worker process is ready to serve import requests
Begin MonoManager ReloadAssembly
- Loaded All Assemblies, in  0.548 seconds
Refreshing native plugins compatible for Editor in 3.26 ms, found 2 plugins.
Native extension for WindowsStandalone target not found
[MODES] ModeService[none].Initialize
[MODES] ModeService[none].LoadModes
[MODES] Loading mode Default (0) for mode-current-id-New Unity Project
Mono: successfully reloaded assembly
- Finished resetting the current domain, in  0.611 seconds
Domain Reload Profiling: 1156ms
	BeginReloadAssembly (144ms)
		ExecutionOrderSort (0ms)
		DisableScriptedObjects (5ms)
		BackupInstance (0ms)
		ReleaseScriptingObjects (0ms)
		CreateAndSetChildDomain (21ms)
	RebuildCommonClasses (40ms)
	RebuildNativeTypeToScriptingClass (10ms)
	initialDomainReloadingComplete (40ms)
	LoadAllAssembliesAndSetupDomain (310ms)
		LoadAssemblies (263ms)
		RebuildTransferFunctionScriptingTraits (0ms)
		AnalyzeDomain (130ms)
			TypeCache.Refresh (101ms)
				TypeCache.ScanAssembly (93ms)
			ScanForSourceGeneratedMonoScriptInfo (20ms)
			ResolveRequiredComponents (9ms)
	FinalizeReload (611ms)
		ReleaseScriptCaches (0ms)
		RebuildScriptCaches (0ms)
		SetupLoadedEditorAssemblies (460ms)
			LogAssemblyErrors (0ms)
			InitializePlatformSupportModulesInManaged (7ms)
			SetLoadedEditorAssemblies (4ms)
			RefreshPlugins (0ms)
			BeforeProcessingInitializeOnLoad (75ms)
			ProcessInitializeOnLoadAttributes (284ms)
			ProcessInitializeOnLoadMethodAttributes (81ms)
			AfterProcessingInitializeOnLoad (9ms)
			EditorAssembliesLoaded (0ms)
		ExecutionOrderSort2 (0ms)
		AwakeInstancesAfterBackupRestoration (6ms)
Launched and connected shader compiler UnityShaderCompiler.exe after 0.04 seconds
Refreshing native plugins compatible for Editor in 4.11 ms, found 2 plugins.
Preloading 0 native plugins for Editor in 0.00 ms.
Unloading 3856 Unused Serialized files (Serialized files now loaded: 0)
Unloading 79 unused Assets / (0.8 MB). Loaded Objects now: 4323.
Memory consumption went from 173.6 MB to 172.8 MB.
Total: 5.645600 ms (FindLiveObjects: 0.538100 ms CreateObjectMapping: 0.147800 ms MarkObjects: 4.301600 ms  DeleteObjects: 0.656400 ms)

AssetImportParameters requested are different than current active one (requested -> active):
  custom:container-demuxer-ogg: 62fdf1f143b41e24485cea50d1cbac27 -> 
  custom:video-codec-MediaFoundation-h265: 746d11721c4dcdbdad8f713fa42b33f4 -> 
  custom:video-decoder-ogg-theora: a1e56fd34408186e4bbccfd4996cb3dc -> 
  custom:framework-win-MediaFoundation: 216162199b28c13a410421893ffa2e32 -> 
  custom:CustomObjectIndexerAttribute: 62b5816608c3102f162a1797e29626cf -> 
  custom:container-demuxer-webm: 4f35f7cbe854078d1ac9338744f61a02 -> 
  custom:container-muxer-webm: aa71ff27fc2769a1b78a27578f13a17b -> 
  custom:video-decoder-webm-vp8: 9c59270c3fd7afecdb556c50c9e8de78 -> 
  custom:SearchIndexIgnoredProperties: e643bd26f0fe6173181afceb89e7c659 -> 
  custom:AudioImporter_EditorPlatform: d09bf68614088b80899f8185d706f6e7 -> 
  custom:video-encoder-webm-vp8: eb34c28f22e8b96e1ab97ce403110664 -> 
  custom:audio-decoder-ogg-vorbis: bf7c407c2cedff20999df2af8eb42d56 -> 
  custom:audio-encoder-webm-vorbis: bf7c407c2cedff20999df2af8eb42d56 -> 
========================================================================
Received Import Request.
  Time since last request: 77446.218237 seconds.
  path: Assets/Material/Textures
  artifactKey: Guid(d92008ea7c990f5408a4285234f469e0) Importer(815301076,1909f56bfc062723c751e8b465ee728b)
Start importing Assets/Material/Textures using Guid(d92008ea7c990f5408a4285234f469e0) Importer(815301076,1909f56bfc062723c751e8b465ee728b)  -> (artifact id: '9639b891e21720be94dc706019fbc008') in 0.002274 seconds
Number of updated asset objects reloaded before import = 0
Number of asset objects unloaded after import = 0
========================================================================
Received Import Request.
  Time since last request: 14.364451 seconds.
  path: Assets/Material/Textures/hojas_arbol1_1.png
  artifactKey: Guid(926d0787e6217c24e890ac4bec790082) Importer(815301076,1909f56bfc062723c751e8b465ee728b)
Start importing Assets/Material/Textures/hojas_arbol1_1.png using Guid(926d0787e6217c24e890ac4bec790082) Importer(815301076,1909f56bfc062723c751e8b465ee728b)  -> (artifact id: '88ae0636ae6f4ff4b1c04a6f1463da24') in 0.091327 seconds
Number of updated asset objects reloaded before import = 0
Number of asset objects unloaded after import = 2
========================================================================
Received Import Request.
  Time since last request: 0.000041 seconds.
  path: Assets/Material/Textures/hojas_arbol4.png
  artifactKey: Guid(c094c55ee98717847a6825efa5e6f1f4) Importer(815301076,1909f56bfc062723c751e8b465ee728b)
Start importing Assets/Material/Textures/hojas_arbol4.png using Guid(c094c55ee98717847a6825efa5e6f1f4) Importer(815301076,1909f56bfc062723c751e8b465ee728b)  -> (artifact id: '2d6ffdb586fbfe144aadc5b3ac7ee9e4') in 0.028794 seconds
Number of updated asset objects reloaded before import = 0
Number of asset objects unloaded after import = 2
========================================================================
Received Import Request.
  Time since last request: 0.000042 seconds.
  path: Assets/Material/Textures/hojas_arbol3_3.png
  artifactKey: Guid(1179979faf8fa534d92a2ef254164b6c) Importer(815301076,1909f56bfc062723c751e8b465ee728b)
Start importing Assets/Material/Textures/hojas_arbol3_3.png using Guid(1179979faf8fa534d92a2ef254164b6c) Importer(815301076,1909f56bfc062723c751e8b465ee728b)  -> (artifact id: '9209a72255c9ede17d6dc72765db46ea') in 0.043616 seconds
Number of updated asset objects reloaded before import = 0
Number of asset objects unloaded after import = 2
========================================================================
Received Import Request.
  Time since last request: 0.000033 seconds.
  path: Assets/Material/Textures/hojas_arbol3_2.png
  artifactKey: Guid(627c0feb9aa63be46be4b6903466a913) Importer(815301076,1909f56bfc062723c751e8b465ee728b)
Start importing Assets/Material/Textures/hojas_arbol3_2.png using Guid(627c0feb9aa63be46be4b6903466a913) Importer(815301076,1909f56bfc062723c751e8b465ee728b)  -> (artifact id: '48589a3157c9ee9c8dd77bb1cf532e10') in 0.028335 seconds
Number of updated asset objects reloaded before import = 0
Number of asset objects unloaded after import = 2
========================================================================
Received Import Request.
  Time since last request: 25.505727 seconds.
  path: Assets/Material/Textures/hojas_arbol1_1.png
  artifactKey: Guid(926d0787e6217c24e890ac4bec790082) Importer(815301076,1909f56bfc062723c751e8b465ee728b)
Start importing Assets/Material/Textures/hojas_arbol1_1.png using Guid(926d0787e6217c24e890ac4bec790082) Importer(815301076,1909f56bfc062723c751e8b465ee728b)  -> (artifact id: '44b76da33d738c175466c857ca375ce9') in 0.026016 seconds
Number of updated asset objects reloaded before import = 0
Number of asset objects unloaded after import = 2
========================================================================
Received Import Request.
  Time since last request: 0.000016 seconds.
  path: Assets/Material/Textures/hojas_arbol2_5.png
  artifactKey: Guid(4711337ae191b1e4c96ab5460ac3e9aa) Importer(815301076,1909f56bfc062723c751e8b465ee728b)
Start importing Assets/Material/Textures/hojas_arbol2_5.png using Guid(4711337ae191b1e4c96ab5460ac3e9aa) Importer(815301076,1909f56bfc062723c751e8b465ee728b)  -> (artifact id: 'f8b1acd1e42ce6621c178d5c2d67c4ea') in 0.043829 seconds
Number of updated asset objects reloaded before import = 0
Number of asset objects unloaded after import = 2
========================================================================
Received Import Request.
  Time since last request: 0.000021 seconds.
  path: Assets/Material/Textures/hojas_arbol3_4.png
  artifactKey: Guid(15751bfd00861774a978504be6c32924) Importer(815301076,1909f56bfc062723c751e8b465ee728b)
Start importing Assets/Material/Textures/hojas_arbol3_4.png using Guid(15751bfd00861774a978504be6c32924) Importer(815301076,1909f56bfc062723c751e8b465ee728b)  -> (artifact id: 'c69185431675d488de10e0df575c94af') in 0.017207 seconds
Number of updated asset objects reloaded before import = 0
Number of asset objects unloaded after import = 2
========================================================================
Received Import Request.
  Time since last request: 0.000015 seconds.
  path: Assets/Material/Textures/hojas_arbol5.png
  artifactKey: Guid(d461f79743a70174580694ee1551beff) Importer(815301076,1909f56bfc062723c751e8b465ee728b)
Start importing Assets/Material/Textures/hojas_arbol5.png using Guid(d461f79743a70174580694ee1551beff) Importer(815301076,1909f56bfc062723c751e8b465ee728b)  -> (artifact id: 'f0a201b2c2818af2b7fc7111877efa67') in 0.024351 seconds
Number of updated asset objects reloaded before import = 0
Number of asset objects unloaded after import = 2
========================================================================
Received Import Request.
  Time since last request: 0.000025 seconds.
  path: Assets/Material/Textures/hojas_arbol2_4.png
  artifactKey: Guid(fc3f02bc97b47974eba184b6ebc0fdfb) Importer(815301076,1909f56bfc062723c751e8b465ee728b)
Start importing Assets/Material/Textures/hojas_arbol2_4.png using Guid(fc3f02bc97b47974eba184b6ebc0fdfb) Importer(815301076,1909f56bfc062723c751e8b465ee728b)  -> (artifact id: '8244445606b43847dbc57a01fed96cce') in 0.015505 seconds
Number of updated asset objects reloaded before import = 0
Number of asset objects unloaded after import = 2
========================================================================
Received Import Request.
  Time since last request: 7.980081 seconds.
  path: Assets/Material/Textures/hojas_arbol1_1.png
  artifactKey: Guid(926d0787e6217c24e890ac4bec790082) Importer(815301076,1909f56bfc062723c751e8b465ee728b)
Start importing Assets/Material/Textures/hojas_arbol1_1.png using Guid(926d0787e6217c24e890ac4bec790082) Importer(815301076,1909f56bfc062723c751e8b465ee728b)  -> (artifact id: '30e85eb27184e8a2547dfddc97bc47b3') in 0.088067 seconds
Number of updated asset objects reloaded before import = 0
Number of asset objects unloaded after import = 3
========================================================================
Received Import Request.
  Time since last request: 0.000023 seconds.
  path: Assets/Material/Textures/hojas_arbol2_5.png
  artifactKey: Guid(4711337ae191b1e4c96ab5460ac3e9aa) Importer(815301076,1909f56bfc062723c751e8b465ee728b)
Start importing Assets/Material/Textures/hojas_arbol2_5.png using Guid(4711337ae191b1e4c96ab5460ac3e9aa) Importer(815301076,1909f56bfc062723c751e8b465ee728b)  -> (artifact id: '89cc8c240695ab1762f9da32e2cbd760') in 0.029616 seconds
Number of updated asset objects reloaded before import = 0
Number of asset objects unloaded after import = 3
========================================================================
Received Import Request.
  Time since last request: 0.000019 seconds.
  path: Assets/Material/Textures/hojas_arbol3_4.png
  artifactKey: Guid(15751bfd00861774a978504be6c32924) Importer(815301076,1909f56bfc062723c751e8b465ee728b)
Start importing Assets/Material/Textures/hojas_arbol3_4.png using Guid(15751bfd00861774a978504be6c32924) Importer(815301076,1909f56bfc062723c751e8b465ee728b)  -> (artifact id: 'c4ce9c908bb6a5d6a7228d854d3ab73a') in 0.028784 seconds
Number of updated asset objects reloaded before import = 0
Number of asset objects unloaded after import = 3
========================================================================
Received Import Request.
  Time since last request: 0.000022 seconds.
  path: Assets/Material/Textures/hojas_arbol3_1.png
  artifactKey: Guid(f71c44b105661e3448f2ee3c88e9c647) Importer(815301076,1909f56bfc062723c751e8b465ee728b)
Start importing Assets/Material/Textures/hojas_arbol3_1.png using Guid(f71c44b105661e3448f2ee3c88e9c647) Importer(815301076,1909f56bfc062723c751e8b465ee728b)  -> (artifact id: '20234605a455705b24310107540c905e') in 0.028060 seconds
Number of updated asset objects reloaded before import = 0
Number of asset objects unloaded after import = 3
========================================================================
Received Import Request.
  Time since last request: 0.000034 seconds.
  path: Assets/Material/Textures/hojas_arbol2_4.png
  artifactKey: Guid(fc3f02bc97b47974eba184b6ebc0fdfb) Importer(815301076,1909f56bfc062723c751e8b465ee728b)
Start importing Assets/Material/Textures/hojas_arbol2_4.png using Guid(fc3f02bc97b47974eba184b6ebc0fdfb) Importer(815301076,1909f56bfc062723c751e8b465ee728b)  -> (artifact id: 'dd2ddab6b121a21639be714820b97a07') in 0.026245 seconds
Number of updated asset objects reloaded before import = 0
Number of asset objects unloaded after import = 3
========================================================================
Received Import Request.
  Time since last request: 181.346263 seconds.
  path: Assets/Material/Materials/hojas_arbol1_1.mat
  artifactKey: Guid(902102d008d2af34881853cc3368bfe7) Importer(815301076,1909f56bfc062723c751e8b465ee728b)
Start importing Assets/Material/Materials/hojas_arbol1_1.mat using Guid(902102d008d2af34881853cc3368bfe7) Importer(815301076,1909f56bfc062723c751e8b465ee728b)  -> (artifact id: '326e00ffea8014fdeb2d86a3df29c391') in 0.246786 seconds
Number of updated asset objects reloaded before import = 0
Number of asset objects unloaded after import = 2
========================================================================
Received Import Request.
  Time since last request: 0.000026 seconds.
  path: Assets/Material/Materials/hojas_arbol1_4.mat
  artifactKey: Guid(aeb70e8021b0c0044a40693ea1153200) Importer(815301076,1909f56bfc062723c751e8b465ee728b)
Start importing Assets/Material/Materials/hojas_arbol1_4.mat using Guid(aeb70e8021b0c0044a40693ea1153200) Importer(815301076,1909f56bfc062723c751e8b465ee728b)  -> (artifact id: '65e8c0a713b2f5e196df6748560e400c') in 0.016550 seconds
Number of updated asset objects reloaded before import = 0
Number of asset objects unloaded after import = 2
========================================================================
Received Import Request.
  Time since last request: 0.000028 seconds.
  path: Assets/Material/Materials/hojas_arbol1_3.mat
  artifactKey: Guid(480769fe3a70c7b49bbbdf350fb3362d) Importer(815301076,1909f56bfc062723c751e8b465ee728b)
Start importing Assets/Material/Materials/hojas_arbol1_3.mat using Guid(480769fe3a70c7b49bbbdf350fb3362d) Importer(815301076,1909f56bfc062723c751e8b465ee728b)  -> (artifact id: '3eabdae3ffefdcc4eaa365dfb6e7aaad') in 0.016060 seconds
Number of updated asset objects reloaded before import = 0
Number of asset objects unloaded after import = 2
========================================================================
Received Import Request.
  Time since last request: 1.141150 seconds.
  path: Assets/Material/Materials/Material #1395534412.mat
  artifactKey: Guid(a9c9cb57cb2844444920ca7304b028ec) Importer(815301076,1909f56bfc062723c751e8b465ee728b)
Start importing Assets/Material/Materials/Material #1395534412.mat using Guid(a9c9cb57cb2844444920ca7304b028ec) Importer(815301076,1909f56bfc062723c751e8b465ee728b)  -> (artifact id: '99d25e00f5c0f7f8c62089bffc432cb6') in 0.021121 seconds
Number of updated asset objects reloaded before import = 0
Number of asset objects unloaded after import = 1
========================================================================
Received Import Request.
  Time since last request: 0.000018 seconds.
  path: Assets/Material/Materials/Medieval Stone Wall PBR Scan 02.001.mat
  artifactKey: Guid(fce1fee26f699af449c78b277eed4128) Importer(815301076,1909f56bfc062723c751e8b465ee728b)
Start importing Assets/Material/Materials/Medieval Stone Wall PBR Scan 02.001.mat using Guid(fce1fee26f699af449c78b277eed4128) Importer(815301076,1909f56bfc062723c751e8b465ee728b)  -> (artifact id: '4098ff313d92a2f995f6fa5e63c18bbf') in 0.022235 seconds
Number of updated asset objects reloaded before import = 0
Number of asset objects unloaded after import = 1
========================================================================
Received Import Request.
  Time since last request: 0.000025 seconds.
  path: Assets/Material/Materials/Medieval box 5.mat
  artifactKey: Guid(b4b7afecfb55d2e4e89e93e230633c0b) Importer(815301076,1909f56bfc062723c751e8b465ee728b)
Start importing Assets/Material/Materials/Medieval box 5.mat using Guid(b4b7afecfb55d2e4e89e93e230633c0b) Importer(815301076,1909f56bfc062723c751e8b465ee728b)  -> (artifact id: 'd3e218307699ee3ef052a9dbf10acace') in 0.017429 seconds
Number of updated asset objects reloaded before import = 0
Number of asset objects unloaded after import = 1
========================================================================
Received Import Request.
  Time since last request: 0.000024 seconds.
  path: Assets/Material/Materials/Material.013.mat
  artifactKey: Guid(b48f9e5c5584ddc44a4115ead0a7842a) Importer(815301076,1909f56bfc062723c751e8b465ee728b)
Start importing Assets/Material/Materials/Material.013.mat using Guid(b48f9e5c5584ddc44a4115ead0a7842a) Importer(815301076,1909f56bfc062723c751e8b465ee728b)  -> (artifact id: '48d911a63d09279173215fb33af29ac2') in 0.017607 seconds
Number of updated asset objects reloaded before import = 0
Number of asset objects unloaded after import = 1
========================================================================
Received Import Request.
  Time since last request: 0.000030 seconds.
  path: Assets/Material/Materials/Material.014.mat
  artifactKey: Guid(b1323da8bef641c4d9368ba7418d9c1a) Importer(815301076,1909f56bfc062723c751e8b465ee728b)
Start importing Assets/Material/Materials/Material.014.mat using Guid(b1323da8bef641c4d9368ba7418d9c1a) Importer(815301076,1909f56bfc062723c751e8b465ee728b)  -> (artifact id: '987b336c33f460649ac69fb4ee9a5fa5') in 0.019024 seconds
Number of updated asset objects reloaded before import = 0
Number of asset objects unloaded after import = 1
========================================================================
Received Import Request.
  Time since last request: 0.000018 seconds.
  path: Assets/Material/Materials/Material.004.mat
  artifactKey: Guid(54a434912e3a8e2449e4e79bdc5f8845) Importer(815301076,1909f56bfc062723c751e8b465ee728b)
Start importing Assets/Material/Materials/Material.004.mat using Guid(54a434912e3a8e2449e4e79bdc5f8845) Importer(815301076,1909f56bfc062723c751e8b465ee728b)  -> (artifact id: '191e5bd2b565c97881702b3bfdb13902') in 0.016647 seconds
Number of updated asset objects reloaded before import = 0
Number of asset objects unloaded after import = 1
Editor requested this worker to shutdown with reason: Scaling down because of idle timeout
TcpMessagingSession - receive error: operation aborted. errorcode: 995, details: La operación de E/S se anuló por una salida de subproceso o por una solicitud de aplicación.
AssetImportWorker is now disconnected from the server
Process exiting
Exiting without the bug reporter. Application will terminate with return code 0